Archive member included to satisfy reference by file (symbol)

c:/program files (x86)/atollic/truestudio for stm32 9.1.0/armtools/bin/../lib/gcc/arm-atollic-eabi/6.3.1/../../../../arm-atollic-eabi/lib/armv7e-m/fpu\libc_nano.a(lib_a-init.o)
                              src\startup_stm32f303xc.o (__libc_init_array)
c:/program files (x86)/atollic/truestudio for stm32 9.1.0/armtools/bin/../lib/gcc/arm-atollic-eabi/6.3.1/../../../../arm-atollic-eabi/lib/armv7e-m/fpu\libc_nano.a(lib_a-memset.o)
                              AHRS\sensors.o (memset)
c:/program files (x86)/atollic/truestudio for stm32 9.1.0/armtools/bin/../lib/gcc/arm-atollic-eabi/6.3.1/../../../../arm-atollic-eabi/lib/armv7e-m/fpu\libc_nano.a(lib_a-strlen.o)
                              src\main.o (strlen)
c:/program files (x86)/atollic/truestudio for stm32 9.1.0/armtools/bin/../lib/gcc/arm-atollic-eabi/6.3.1/../../../../arm-atollic-eabi/lib/armv7e-m/fpu\libm.a(lib_a-w_asin.o)
                              AHRS\sensors.o (asin)
c:/program files (x86)/atollic/truestudio for stm32 9.1.0/armtools/bin/../lib/gcc/arm-atollic-eabi/6.3.1/../../../../arm-atollic-eabi/lib/armv7e-m/fpu\libm.a(lib_a-w_atan2.o)
                              AHRS\sensors.o (atan2)
c:/program files (x86)/atollic/truestudio for stm32 9.1.0/armtools/bin/../lib/gcc/arm-atollic-eabi/6.3.1/../../../../arm-atollic-eabi/lib/armv7e-m/fpu\libm.a(lib_a-w_sqrt.o)
                              AHRS\MadgwickAHRS.o (sqrt)
c:/program files (x86)/atollic/truestudio for stm32 9.1.0/armtools/bin/../lib/gcc/arm-atollic-eabi/6.3.1/../../../../arm-atollic-eabi/lib/armv7e-m/fpu\libm.a(lib_a-e_asin.o)
                              c:/program files (x86)/atollic/truestudio for stm32 9.1.0/armtools/bin/../lib/gcc/arm-atollic-eabi/6.3.1/../../../../arm-atollic-eabi/lib/armv7e-m/fpu\libm.a(lib_a-w_asin.o) (__ieee754_asin)
c:/program files (x86)/atollic/truestudio for stm32 9.1.0/armtools/bin/../lib/gcc/arm-atollic-eabi/6.3.1/../../../../arm-atollic-eabi/lib/armv7e-m/fpu\libm.a(lib_a-e_atan2.o)
                              c:/program files (x86)/atollic/truestudio for stm32 9.1.0/armtools/bin/../lib/gcc/arm-atollic-eabi/6.3.1/../../../../arm-atollic-eabi/lib/armv7e-m/fpu\libm.a(lib_a-w_atan2.o) (__ieee754_atan2)
c:/program files (x86)/atollic/truestudio for stm32 9.1.0/armtools/bin/../lib/gcc/arm-atollic-eabi/6.3.1/../../../../arm-atollic-eabi/lib/armv7e-m/fpu\libm.a(lib_a-e_sqrt.o)
                              c:/program files (x86)/atollic/truestudio for stm32 9.1.0/armtools/bin/../lib/gcc/arm-atollic-eabi/6.3.1/../../../../arm-atollic-eabi/lib/armv7e-m/fpu\libm.a(lib_a-w_sqrt.o) (__ieee754_sqrt)
c:/program files (x86)/atollic/truestudio for stm32 9.1.0/armtools/bin/../lib/gcc/arm-atollic-eabi/6.3.1/../../../../arm-atollic-eabi/lib/armv7e-m/fpu\libm.a(lib_a-s_atan.o)
                              c:/program files (x86)/atollic/truestudio for stm32 9.1.0/armtools/bin/../lib/gcc/arm-atollic-eabi/6.3.1/../../../../arm-atollic-eabi/lib/armv7e-m/fpu\libm.a(lib_a-e_atan2.o) (atan)
c:/program files (x86)/atollic/truestudio for stm32 9.1.0/armtools/bin/../lib/gcc/arm-atollic-eabi/6.3.1/../../../../arm-atollic-eabi/lib/armv7e-m/fpu\libm.a(lib_a-s_fabs.o)
                              c:/program files (x86)/atollic/truestudio for stm32 9.1.0/armtools/bin/../lib/gcc/arm-atollic-eabi/6.3.1/../../../../arm-atollic-eabi/lib/armv7e-m/fpu\libm.a(lib_a-w_asin.o) (fabs)
c:/program files (x86)/atollic/truestudio for stm32 9.1.0/armtools/bin/../lib/gcc/arm-atollic-eabi/6.3.1/../../../../arm-atollic-eabi/lib/armv7e-m/fpu\libm.a(lib_a-s_lib_ver.o)
                              c:/program files (x86)/atollic/truestudio for stm32 9.1.0/armtools/bin/../lib/gcc/arm-atollic-eabi/6.3.1/../../../../arm-atollic-eabi/lib/armv7e-m/fpu\libm.a(lib_a-w_asin.o) (__fdlib_version)
c:/program files (x86)/atollic/truestudio for stm32 9.1.0/armtools/bin/../lib/gcc/arm-atollic-eabi/6.3.1/../../../../arm-atollic-eabi/lib/armv7e-m/fpu\libm.a(lib_a-s_matherr.o)
                              c:/program files (x86)/atollic/truestudio for stm32 9.1.0/armtools/bin/../lib/gcc/arm-atollic-eabi/6.3.1/../../../../arm-atollic-eabi/lib/armv7e-m/fpu\libm.a(lib_a-w_asin.o) (matherr)
c:/program files (x86)/atollic/truestudio for stm32 9.1.0/armtools/bin/../lib/gcc/arm-atollic-eabi/6.3.1/../../../../arm-atollic-eabi/lib/armv7e-m/fpu\libm.a(lib_a-s_nan.o)
                              c:/program files (x86)/atollic/truestudio for stm32 9.1.0/armtools/bin/../lib/gcc/arm-atollic-eabi/6.3.1/../../../../arm-atollic-eabi/lib/armv7e-m/fpu\libm.a(lib_a-w_asin.o) (nan)
c:/program files (x86)/atollic/truestudio for stm32 9.1.0/armtools/bin/../lib/gcc/arm-atollic-eabi/6.3.1/../../../../arm-atollic-eabi/lib/armv7e-m/fpu\libc_nano.a(lib_a-errno.o)
                              c:/program files (x86)/atollic/truestudio for stm32 9.1.0/armtools/bin/../lib/gcc/arm-atollic-eabi/6.3.1/../../../../arm-atollic-eabi/lib/armv7e-m/fpu\libm.a(lib_a-w_asin.o) (__errno)
[...]
Memory Configuration

Name             Origin             Length             Attributes
FLASH            0x08000000         0x00040000         xr
RAM              0x20000000         0x0000a000         xrw
MEMORY_B1        0x60000000         0x00000000         xr
CCMRAM           0x10000000         0x00002000         rw
*default*        0x00000000         0xffffffff

Linker script and memory map

LOAD c:/program files (x86)/atollic/truestudio for stm32 9.1.0/armtools/bin/../lib/gcc/arm-atollic-eabi/6.3.1/armv7e-m/fpu/crti.o
LOAD c:/program files (x86)/atollic/truestudio for stm32 9.1.0/armtools/bin/../lib/gcc/arm-atollic-eabi/6.3.1/armv7e-m/fpu/crtbegin.o
LOAD .metadata\.plugins\org.eclipse.cdt.make.core\specs.o
LOAD AHRS\MadgwickAHRS.o
LOAD AHRS\MahonyAHRS.o
LOAD AHRS\sensors.o
LOAD AHRS\stm32f3_discovery_l3gd20.o
LOAD AHRS\stm32f3_discovery_lsm303dlhc.o
LOAD AHRS\stm32f3xx_AHRS_it.o
LOAD Drivers\STM32F3xx_HAL_Driver\Src\stm32f3xx_hal.o
LOAD Drivers\STM32F3xx_HAL_Driver\Src\stm32f3xx_hal_adc.o
LOAD Drivers\STM32F3xx_HAL_Driver\Src\stm32f3xx_hal_adc_ex.o
LOAD Drivers\STM32F3xx_HAL_Driver\Src\stm32f3xx_hal_can.o
LOAD Drivers\STM32F3xx_HAL_Driver\Src\stm32f3xx_hal_cec.o
LOAD Drivers\STM32F3xx_HAL_Driver\Src\stm32f3xx_hal_comp.o
LOAD Drivers\STM32F3xx_HAL_Driver\Src\stm32f3xx_hal_cortex.o
LOAD Drivers\STM32F3xx_HAL_Driver\Src\stm32f3xx_hal_crc.o
LOAD Drivers\STM32F3xx_HAL_Driver\Src\stm32f3xx_hal_crc_ex.o
LOAD Drivers\STM32F3xx_HAL_Driver\Src\stm32f3xx_hal_dac.o
LOAD Drivers\STM32F3xx_HAL_Driver\Src\stm32f3xx_hal_dac_ex.o
LOAD Drivers\STM32F3xx_HAL_Driver\Src\stm32f3xx_hal_dma.o
LOAD Drivers\STM32F3xx_HAL_Driver\Src\stm32f3xx_hal_flash.o
LOAD Drivers\STM32F3xx_HAL_Driver\Src\stm32f3xx_hal_flash_ex.o
LOAD Drivers\STM32F3xx_HAL_Driver\Src\stm32f3xx_hal_gpio.o
LOAD Drivers\STM32F3xx_HAL_Driver\Src\stm32f3xx_hal_hrtim.o
LOAD Drivers\STM32F3xx_HAL_Driver\Src\stm32f3xx_hal_i2c.o
LOAD Drivers\STM32F3xx_HAL_Driver\Src\stm32f3xx_hal_i2c_ex.o
LOAD Drivers\STM32F3xx_HAL_Driver\Src\stm32f3xx_hal_i2s.o
LOAD Drivers\STM32F3xx_HAL_Driver\Src\stm32f3xx_hal_i2s_ex.o
LOAD Drivers\STM32F3xx_HAL_Driver\Src\stm32f3xx_hal_irda.o
LOAD Drivers\STM32F3xx_HAL_Driver\Src\stm32f3xx_hal_iwdg.o
LOAD Drivers\STM32F3xx_HAL_Driver\Src\stm32f3xx_hal_nand.o
LOAD Drivers\STM32F3xx_HAL_Driver\Src\stm32f3xx_hal_nor.o
LOAD Drivers\STM32F3xx_HAL_Driver\Src\stm32f3xx_hal_opamp.o
LOAD Drivers\STM32F3xx_HAL_Driver\Src\stm32f3xx_hal_opamp_ex.o
LOAD Drivers\STM32F3xx_HAL_Driver\Src\stm32f3xx_hal_pccard.o
LOAD Drivers\STM32F3xx_HAL_Driver\Src\stm32f3xx_hal_pcd.o
LOAD Drivers\STM32F3xx_HAL_Driver\Src\stm32f3xx_hal_pcd_ex.o
LOAD Drivers\STM32F3xx_HAL_Driver\Src\stm32f3xx_hal_pwr.o
LOAD Drivers\STM32F3xx_HAL_Driver\Src\stm32f3xx_hal_pwr_ex.o
LOAD Drivers\STM32F3xx_HAL_Driver\Src\stm32f3xx_hal_rcc.o
LOAD Drivers\STM32F3xx_HAL_Driver\Src\stm32f3xx_hal_rcc_ex.o
LOAD Drivers\STM32F3xx_HAL_Driver\Src\stm32f3xx_hal_rtc.o
LOAD Drivers\STM32F3xx_HAL_Driver\Src\stm32f3xx_hal_rtc_ex.o
LOAD Drivers\STM32F3xx_HAL_Driver\Src\stm32f3xx_hal_sdadc.o
LOAD Drivers\STM32F3xx_HAL_Driver\Src\stm32f3xx_hal_smartcard.o
LOAD Drivers\STM32F3xx_HAL_Driver\Src\stm32f3xx_hal_smartcard_ex.o
LOAD Drivers\STM32F3xx_HAL_Driver\Src\stm32f3xx_hal_smbus.o
LOAD Drivers\STM32F3xx_HAL_Driver\Src\stm32f3xx_hal_spi.o
LOAD Drivers\STM32F3xx_HAL_Driver\Src\stm32f3xx_hal_spi_ex.o
LOAD Drivers\STM32F3xx_HAL_Driver\Src\stm32f3xx_hal_sram.o
LOAD Drivers\STM32F3xx_HAL_Driver\Src\stm32f3xx_hal_tim.o
LOAD Drivers\STM32F3xx_HAL_Driver\Src\stm32f3xx_hal_tim_ex.o
LOAD Drivers\STM32F3xx_HAL_Driver\Src\stm32f3xx_hal_tsc.o
LOAD Drivers\STM32F3xx_HAL_Driver\Src\stm32f3xx_hal_uart.o
LOAD Drivers\STM32F3xx_HAL_Driver\Src\stm32f3xx_hal_uart_ex.o
LOAD Drivers\STM32F3xx_HAL_Driver\Src\stm32f3xx_hal_usart.o
LOAD Drivers\STM32F3xx_HAL_Driver\Src\stm32f3xx_hal_wwdg.o
LOAD Drivers\STM32F3xx_HAL_Driver\Src\stm32f3xx_ll_adc.o
LOAD Drivers\STM32F3xx_HAL_Driver\Src\stm32f3xx_ll_comp.o
LOAD Drivers\STM32F3xx_HAL_Driver\Src\stm32f3xx_ll_crc.o
LOAD Drivers\STM32F3xx_HAL_Driver\Src\stm32f3xx_ll_dac.o
LOAD Drivers\STM32F3xx_HAL_Driver\Src\stm32f3xx_ll_dma.o
LOAD Drivers\STM32F3xx_HAL_Driver\Src\stm32f3xx_ll_exti.o
LOAD Drivers\STM32F3xx_HAL_Driver\Src\stm32f3xx_ll_fmc.o
LOAD Drivers\STM32F3xx_HAL_Driver\Src\stm32f3xx_ll_gpio.o
LOAD Drivers\STM32F3xx_HAL_Driver\Src\stm32f3xx_ll_hrtim.o
LOAD Drivers\STM32F3xx_HAL_Driver\Src\stm32f3xx_ll_i2c.o
LOAD Drivers\STM32F3xx_HAL_Driver\Src\stm32f3xx_ll_opamp.o
LOAD Drivers\STM32F3xx_HAL_Driver\Src\stm32f3xx_ll_pwr.o
LOAD Drivers\STM32F3xx_HAL_Driver\Src\stm32f3xx_ll_rcc.o
LOAD Drivers\STM32F3xx_HAL_Driver\Src\stm32f3xx_ll_rtc.o
LOAD Drivers\STM32F3xx_HAL_Driver\Src\stm32f3xx_ll_spi.o
LOAD Drivers\STM32F3xx_HAL_Driver\Src\stm32f3xx_ll_tim.o
LOAD Drivers\STM32F3xx_HAL_Driver\Src\stm32f3xx_ll_usart.o
LOAD Drivers\STM32F3xx_HAL_Driver\Src\stm32f3xx_ll_utils.o
LOAD src\main.o
LOAD src\startup_stm32f303xc.o
LOAD src\stm32f3_discovery.o
LOAD src\stm32f3xx_hal_msp.o
LOAD src\stm32f3xx_it.o
LOAD src\system_stm32f3xx.o
LOAD src\tiny_printf.o
                0x00000080                malloc_getpagesize_P = 0x80
START GROUP
LOAD c:/program files (x86)/atollic/truestudio for stm32 9.1.0/armtools/bin/../lib/gcc/arm-atollic-eabi/6.3.1/../../../../arm-atollic-eabi/lib/armv7e-m/fpu\libc_nano.a
LOAD c:/program files (x86)/atollic/truestudio for stm32 9.1.0/armtools/bin/../lib/gcc/arm-atollic-eabi/6.3.1/../../../../arm-atollic-eabi/lib/armv7e-m/fpu\libm.a
END GROUP
START GROUP
LOAD c:/program files (x86)/atollic/truestudio for stm32 9.1.0/armtools/bin/../lib/gcc/arm-atollic-eabi/6.3.1/armv7e-m/fpu\libgcc.a
LOAD c:/program files (x86)/atollic/truestudio for stm32 9.1.0/armtools/bin/../lib/gcc/arm-atollic-eabi/6.3.1/../../../../arm-atollic-eabi/lib/armv7e-m/fpu\libc_nano.a
END GROUP
START GROUP
LOAD c:/program files (x86)/atollic/truestudio for stm32 9.1.0/armtools/bin/../lib/gcc/arm-atollic-eabi/6.3.1/armv7e-m/fpu\libgcc.a
LOAD c:/program files (x86)/atollic/truestudio for stm32 9.1.0/armtools/bin/../lib/gcc/arm-atollic-eabi/6.3.1/../../../../arm-atollic-eabi/lib/armv7e-m/fpu\libc_nano.a
LOAD c:/program files (x86)/atollic/truestudio for stm32 9.1.0/armtools/bin/../lib/gcc/arm-atollic-eabi/6.3.1/../../../../arm-atollic-eabi/lib/armv7e-m/fpu\libnosys.a
END GROUP
START GROUP
LOAD c:/program files (x86)/atollic/truestudio for stm32 9.1.0/armtools/bin/../lib/gcc/arm-atollic-eabi/6.3.1/armv7e-m/fpu\libgcc.a
LOAD c:/program files (x86)/atollic/truestudio for stm32 9.1.0/armtools/bin/../lib/gcc/arm-atollic-eabi/6.3.1/../../../../arm-atollic-eabi/lib/armv7e-m/fpu\libc_nano.a
LOAD c:/program files (x86)/atollic/truestudio for stm32 9.1.0/armtools/bin/../lib/gcc/arm-atollic-eabi/6.3.1/../../../../arm-atollic-eabi/lib/armv7e-m/fpu\libnosys.a
END GROUP
LOAD c:/program files (x86)/atollic/truestudio for stm32 9.1.0/armtools/bin/../lib/gcc/arm-atollic-eabi/6.3.1/armv7e-m/fpu/crtend.o
LOAD c:/program files (x86)/atollic/truestudio for stm32 9.1.0/armtools/bin/../lib/gcc/arm-atollic-eabi/6.3.1/armv7e-m/fpu/crtn.o
                0x2000a000                _estack = 0x2000a000
                0x00000000                _Min_Heap_Size = 0x0
                0x00000200                _Min_Stack_Size = 0x200

.isr_vector     0x08000000      0x188
                0x08000000                . = ALIGN (0x4)
 *(.isr_vector)
 .isr_vector    0x08000000      0x188 src\startup_stm32f303xc.o
                0x08000000                g_pfnVectors
                0x08000188                . = ALIGN (0x4)

.text           0x08000188     0xb52c
                0x08000188                . = ALIGN (0x4)
 *(.text)
 .text          0x08000188       0x40 c:/program files (x86)/atollic/truestudio for stm32 9.1.0/armtools/bin/../lib/gcc/arm-atollic-eabi/6.3.1/armv7e-m/fpu/crtbegin.o
 .text          0x080001c8       0x10 c:/program files (x86)/atollic/truestudio for stm32 9.1.0/armtools/bin/../lib/gcc/arm-atollic-eabi/6.3.1/../../../../arm-atollic-eabi/lib/armv7e-m/fpu\libc_nano.a(lib_a-strlen.o)
                0x080001c8                strlen
 .text          0x080001d8      0x370 c:/program files (x86)/atollic/truestudio for stm32 9.1.0/armtools/bin/../lib/gcc/arm-atollic-eabi/6.3.1/armv7e-m/fpu\libgcc.a(_arm_addsubdf3.o)
                0x080001d8                __aeabi_drsub
                0x080001e0                __aeabi_dsub
                0x080001e0                __subdf3
                0x080001e4                __aeabi_dadd
                0x080001e4                __adddf3
                0x0800045c                __floatunsidf
                0x0800045c                __aeabi_ui2d
                0x0800047c                __floatsidf
                0x0800047c                __aeabi_i2d
                0x080004a0                __aeabi_f2d
                0x080004a0                __extendsfdf2
                0x080004dc                __floatundidf
                0x080004dc                __aeabi_ul2d
                0x080004ec                __floatdidf
                0x080004ec                __aeabi_l2d
 .text          0x08000548      0x424 c:/program files (x86)/atollic/truestudio for stm32 9.1.0/armtools/bin/../lib/gcc/arm-atollic-eabi/6.3.1/armv7e-m/fpu\libgcc.a(_arm_muldivdf3.o)
                0x08000548                __aeabi_dmul
                0x08000548                __muldf3
                0x0800079c                __divdf3
                0x0800079c                __aeabi_ddiv
 .text          0x0800096c      0x110 c:/program files (x86)/atollic/truestudio for stm32 9.1.0/armtools/bin/../lib/gcc/arm-atollic-eabi/6.3.1/armv7e-m/fpu\libgcc.a(_arm_cmpdf2.o)
                0x0800096c                __gtdf2
                0x0800096c                __gedf2
                0x08000974                __ltdf2
                0x08000974                __ledf2
                0x0800097c                __nedf2
                0x0800097c                __eqdf2
                0x0800097c                __cmpdf2
                0x080009f8                __aeabi_cdrcmple
                0x08000a08                __aeabi_cdcmpeq
                0x08000a08                __aeabi_cdcmple
                0x08000a18                __aeabi_dcmpeq
                0x08000a2c                __aeabi_dcmplt
                0x08000a40                __aeabi_dcmple
                0x08000a54                __aeabi_dcmpge
                0x08000a68                __aeabi_dcmpgt
 .text          0x08000a7c       0x2c c:/program files (x86)/atollic/truestudio for stm32 9.1.0/armtools/bin/../lib/gcc/arm-atollic-eabi/6.3.1/armv7e-m/fpu\libgcc.a(_arm_unorddf2.o)
                0x08000a7c                __unorddf2
                0x08000a7c                __aeabi_dcmpun
 .text          0x08000aa8       0xa0 c:/program files (x86)/atollic/truestudio for stm32 9.1.0/armtools/bin/../lib/gcc/arm-atollic-eabi/6.3.1/armv7e-m/fpu\libgcc.a(_arm_truncdfsf2.o)
                0x08000aa8                __truncdfsf2
                0x08000aa8                __aeabi_d2f
 *(.text*)
 .text.MadgwickAHRSupdate
                0x08000b48      0xe58 AHRS\MadgwickAHRS.o
                0x08000b48                MadgwickAHRSupdate
 .text.MadgwickAHRSupdateIMU
                0x080019a0      0x664 AHRS\MadgwickAHRS.o
                0x080019a0                MadgwickAHRSupdateIMU
 .text.invSqrt  0x08002004       0x70 AHRS\MadgwickAHRS.o
                0x08002004                invSqrt
 .text.updateQuaternions
                0x08002074       0xdc AHRS\sensors.o
                0x08002074                updateQuaternions
 .text.readAllSensors
                0x08002150       0x36 AHRS\sensors.o
                0x08002150                readAllSensors
 .text.readRawGyro
                0x08002186       0x1a AHRS\sensors.o
                0x08002186                readRawGyro
 .text.AHRS_GetValues
                0x080021a0       0xd8 AHRS\sensors.o
                0x080021a0                AHRS_GetValues
 .text.UpdateGyroBias
                0x08002278       0xd0 AHRS\sensors.o
                0x08002278                UpdateGyroBias
 .text.Demo_GyroConfig
                0x08002348       0xac AHRS\sensors.o
                0x08002348                Demo_GyroConfig
 .text.Demo_CompassConfig
                0x080023f4      0x1cc AHRS\sensors.o
                0x080023f4                Demo_CompassConfig
 .text.processGyroData
                0x080025c0      0x100 AHRS\sensors.o
                0x080025c0                processGyroData
 .text.GyroExtiConfig
                0x080026c0        0xc AHRS\sensors.o
                0x080026c0                GyroExtiConfig
 .text.processAccelData
                0x080026cc      0x100 AHRS\sensors.o
                0x080026cc                processAccelData
 .text.processMagnetoData
                0x080027cc       0xc8 AHRS\sensors.o
                0x080027cc                processMagnetoData
 *fill*         0x08002894        0x4 
 .text.getEulerAngles
                0x08002898      0x3b4 AHRS\sensors.o
                0x08002898                getEulerAngles
 .text.Sensors_GPIO_EXTI_Callback
                0x08002c4c       0x50 AHRS\sensors.o
                0x08002c4c                Sensors_GPIO_EXTI_Callback
 .text.LL_GPIO_SetOutputPin
                0x08002c9c       0x1c AHRS\stm32f3_discovery_l3gd20.o
 .text.LL_GPIO_ResetOutputPin
                0x08002cb8       0x1c AHRS\stm32f3_discovery_l3gd20.o
 .text.L3GD20_Init
                0x08002cd4       0x78 AHRS\stm32f3_discovery_l3gd20.o
                0x08002cd4                L3GD20_Init
 .text.L3GD20_INT2InterruptCmd
                0x08002d4c       0x42 AHRS\stm32f3_discovery_l3gd20.o
                0x08002d4c                L3GD20_INT2InterruptCmd
 .text.L3GD20_FilterConfig
                0x08002d8e       0x4a AHRS\stm32f3_discovery_l3gd20.o
                0x08002d8e                L3GD20_FilterConfig
 .text.L3GD20_FilterCmd
                0x08002dd8       0x42 AHRS\stm32f3_discovery_l3gd20.o
                0x08002dd8                L3GD20_FilterCmd
 *fill*         0x08002e1a        0x2 
 .text.L3GD20_Write
                0x08002e1c       0x6c AHRS\stm32f3_discovery_l3gd20.o
                0x08002e1c                L3GD20_Write
 .text.L3GD20_Read
                0x08002e88       0x78 AHRS\stm32f3_discovery_l3gd20.o
                0x08002e88                L3GD20_Read
 .text.L3GD20_LowLevel_Init
                0x08002f00      0x12c AHRS\stm32f3_discovery_l3gd20.o
 .text.L3GD20_ExtiConfig
                0x0800302c       0x5c AHRS\stm32f3_discovery_l3gd20.o
                0x0800302c                L3GD20_ExtiConfig
 .text.LSM303DLHC_AccInit
                0x08003088       0x78 AHRS\stm32f3_discovery_lsm303dlhc.o
                0x08003088                LSM303DLHC_AccInit
 .text.LSM303DLHC_AccFilterConfig
                0x08003100       0x5a AHRS\stm32f3_discovery_lsm303dlhc.o
                0x08003100                LSM303DLHC_AccFilterConfig
 .text.LSM303DLHC_AccFilterCmd
                0x0800315a       0x42 AHRS\stm32f3_discovery_lsm303dlhc.o
                0x0800315a                LSM303DLHC_AccFilterCmd
 .text.LSM303DLHC_MagInit
                0x0800319c       0x76 AHRS\stm32f3_discovery_lsm303dlhc.o
                0x0800319c                LSM303DLHC_MagInit
 *fill*         0x08003212        0x2 
 .text.LSM303DLHC_Write
                0x08003214       0x6c AHRS\stm32f3_discovery_lsm303dlhc.o
                0x08003214                LSM303DLHC_Write
 .text.LSM303DLHC_Read
                0x08003280       0x84 AHRS\stm32f3_discovery_lsm303dlhc.o
                0x08003280                LSM303DLHC_Read
 .text.LSM303DLHC_LowLevel_Init
                0x08003304      0x104 AHRS\stm32f3_discovery_lsm303dlhc.o
 .text.SVC_Handler
                0x08003408        0xe AHRS\stm32f3xx_AHRS_it.o
                0x08003408                SVC_Handler
 .text.PendSV_Handler
                0x08003416        0xe AHRS\stm32f3xx_AHRS_it.o
                0x08003416                PendSV_Handler
 .text.EXTI2_TSC_IRQHandler
                0x08003424        0xe AHRS\stm32f3xx_AHRS_it.o
                0x08003424                EXTI2_TSC_IRQHandler
 .text.EXTI1_IRQHandler
                0x08003432        0xe AHRS\stm32f3xx_AHRS_it.o
                0x08003432                EXTI1_IRQHandler
 .text.HAL_Init
                0x08003440       0x2c Drivers\STM32F3xx_HAL_Driver\Src\stm32f3xx_hal.o
                0x08003440                HAL_Init
 .text.HAL_InitTick
                0x0800346c       0x60 Drivers\STM32F3xx_HAL_Driver\Src\stm32f3xx_hal.o
                0x0800346c                HAL_InitTick
 .text.HAL_IncTick
                0x080034cc       0x28 Drivers\STM32F3xx_HAL_Driver\Src\stm32f3xx_hal.o
                0x080034cc                HAL_IncTick
 .text.HAL_GetTick
                0x080034f4       0x18 Drivers\STM32F3xx_HAL_Driver\Src\stm32f3xx_hal.o
                0x080034f4                HAL_GetTick
 .text.HAL_Delay
                0x0800350c       0x44 Drivers\STM32F3xx_HAL_Driver\Src\stm32f3xx_hal.o
                0x0800350c                HAL_Delay
 .text.HAL_CAN_Init
                0x08003550      0x248 Drivers\STM32F3xx_HAL_Driver\Src\stm32f3xx_hal_can.o
                0x08003550                HAL_CAN_Init
 .text.HAL_CAN_ConfigFilter
                0x08003798      0x198 Drivers\STM32F3xx_HAL_Driver\Src\stm32f3xx_hal_can.o
                0x08003798                HAL_CAN_ConfigFilter
 .text.HAL_CAN_Transmit
                0x08003930      0x370 Drivers\STM32F3xx_HAL_Driver\Src\stm32f3xx_hal_can.o
                0x08003930                HAL_CAN_Transmit
 .text.NVIC_SetPriorityGrouping
                0x08003ca0       0x48 Drivers\STM32F3xx_HAL_Driver\Src\stm32f3xx_hal_cortex.o
 .text.NVIC_GetPriorityGrouping
                0x08003ce8       0x1c Drivers\STM32F3xx_HAL_Driver\Src\stm32f3xx_hal_cortex.o
 .text.NVIC_EnableIRQ
                0x08003d04       0x34 Drivers\STM32F3xx_HAL_Driver\Src\stm32f3xx_hal_cortex.o
 .text.NVIC_SetPriority
                0x08003d38       0x54 Drivers\STM32F3xx_HAL_Driver\Src\stm32f3xx_hal_cortex.o
 .text.NVIC_EncodePriority
                0x08003d8c       0x62 Drivers\STM32F3xx_HAL_Driver\Src\stm32f3xx_hal_cortex.o
 *fill*         0x08003dee        0x2 
 .text.SysTick_Config
                0x08003df0       0x44 Drivers\STM32F3xx_HAL_Driver\Src\stm32f3xx_hal_cortex.o
 .text.HAL_NVIC_SetPriorityGrouping
                0x08003e34       0x16 Drivers\STM32F3xx_HAL_Driver\Src\stm32f3xx_hal_cortex.o
                0x08003e34                HAL_NVIC_SetPriorityGrouping
 .text.HAL_NVIC_SetPriority
                0x08003e4a       0x38 Drivers\STM32F3xx_HAL_Driver\Src\stm32f3xx_hal_cortex.o
                0x08003e4a                HAL_NVIC_SetPriority
 .text.HAL_NVIC_EnableIRQ
                0x08003e82       0x1c Drivers\STM32F3xx_HAL_Driver\Src\stm32f3xx_hal_cortex.o
                0x08003e82                HAL_NVIC_EnableIRQ
 .text.HAL_SYSTICK_Config
                0x08003e9e       0x18 Drivers\STM32F3xx_HAL_Driver\Src\stm32f3xx_hal_cortex.o
                0x08003e9e                HAL_SYSTICK_Config
 *fill*         0x08003eb6        0x2 
 .text.HAL_SYSTICK_CLKSourceConfig
                0x08003eb8       0x38 Drivers\STM32F3xx_HAL_Driver\Src\stm32f3xx_hal_cortex.o
                0x08003eb8                HAL_SYSTICK_CLKSourceConfig
 .text.HAL_SYSTICK_IRQHandler
                0x08003ef0        0xc Drivers\STM32F3xx_HAL_Driver\Src\stm32f3xx_hal_cortex.o
                0x08003ef0                HAL_SYSTICK_IRQHandler
 .text.HAL_DMA_Abort_IT
                0x08003efc       0x7c Drivers\STM32F3xx_HAL_Driver\Src\stm32f3xx_hal_dma.o
                0x08003efc                HAL_DMA_Abort_IT
 .text.HAL_GPIO_Init
                0x08003f78      0x2fc Drivers\STM32F3xx_HAL_Driver\Src\stm32f3xx_hal_gpio.o
                0x08003f78                HAL_GPIO_Init
 .text.HAL_GPIO_DeInit
                0x08004274      0x1bc Drivers\STM32F3xx_HAL_Driver\Src\stm32f3xx_hal_gpio.o
                0x08004274                HAL_GPIO_DeInit
 .text.HAL_GPIO_ReadPin
                0x08004430       0x30 Drivers\STM32F3xx_HAL_Driver\Src\stm32f3xx_hal_gpio.o
                0x08004430                HAL_GPIO_ReadPin
 .text.HAL_GPIO_WritePin
                0x08004460       0x30 Drivers\STM32F3xx_HAL_Driver\Src\stm32f3xx_hal_gpio.o
                0x08004460                HAL_GPIO_WritePin
 .text.HAL_GPIO_TogglePin
                0x08004490       0x24 Drivers\STM32F3xx_HAL_Driver\Src\stm32f3xx_hal_gpio.o
                0x08004490                HAL_GPIO_TogglePin
 .text.HAL_GPIO_EXTI_IRQHandler
                0x080044b4       0x30 Drivers\STM32F3xx_HAL_Driver\Src\stm32f3xx_hal_gpio.o
                0x080044b4                HAL_GPIO_EXTI_IRQHandler
 .text.HAL_I2C_Init
                0x080044e4      0x11c Drivers\STM32F3xx_HAL_Driver\Src\stm32f3xx_hal_i2c.o
                0x080044e4                HAL_I2C_Init
 .text.HAL_I2C_DeInit
                0x08004600       0x5e Drivers\STM32F3xx_HAL_Driver\Src\stm32f3xx_hal_i2c.o
                0x08004600                HAL_I2C_DeInit
 *fill*         0x0800465e        0x2 
 .text.HAL_I2C_Master_Transmit
                0x08004660      0x200 Drivers\STM32F3xx_HAL_Driver\Src\stm32f3xx_hal_i2c.o
                0x08004660                HAL_I2C_Master_Transmit
 .text.HAL_I2C_Master_Receive
                0x08004860      0x204 Drivers\STM32F3xx_HAL_Driver\Src\stm32f3xx_hal_i2c.o
                0x08004860                HAL_I2C_Master_Receive
 .text.I2C_Flush_TXDR
                0x08004a64       0x48 Drivers\STM32F3xx_HAL_Driver\Src\stm32f3xx_hal_i2c.o
 .text.I2C_WaitOnFlagUntilTimeout
                0x08004aac       0x74 Drivers\STM32F3xx_HAL_Driver\Src\stm32f3xx_hal_i2c.o
 .text.I2C_WaitOnTXISFlagUntilTimeout
                0x08004b20       0x80 Drivers\STM32F3xx_HAL_Driver\Src\stm32f3xx_hal_i2c.o
 .text.I2C_WaitOnSTOPFlagUntilTimeout
                0x08004ba0       0x78 Drivers\STM32F3xx_HAL_Driver\Src\stm32f3xx_hal_i2c.o
 .text.I2C_WaitOnRXNEFlagUntilTimeout
                0x08004c18       0xd8 Drivers\STM32F3xx_HAL_Driver\Src\stm32f3xx_hal_i2c.o
 .text.I2C_IsAcknowledgeFailed
                0x08004cf0       0xbc Drivers\STM32F3xx_HAL_Driver\Src\stm32f3xx_hal_i2c.o
 .text.I2C_TransferConfig
                0x08004dac       0x58 Drivers\STM32F3xx_HAL_Driver\Src\stm32f3xx_hal_i2c.o
 .text.HAL_I2CEx_ConfigAnalogFilter
                0x08004e04       0x96 Drivers\STM32F3xx_HAL_Driver\Src\stm32f3xx_hal_i2c_ex.o
                0x08004e04                HAL_I2CEx_ConfigAnalogFilter
 .text.HAL_I2CEx_ConfigDigitalFilter
                0x08004e9a       0x9c Drivers\STM32F3xx_HAL_Driver\Src\stm32f3xx_hal_i2c_ex.o
                0x08004e9a                HAL_I2CEx_ConfigDigitalFilter
 *fill*         0x08004f36        0x2 
 .text.HAL_RCC_OscConfig
                0x08004f38      0xdd4 Drivers\STM32F3xx_HAL_Driver\Src\stm32f3xx_hal_rcc.o
                0x08004f38                HAL_RCC_OscConfig
 .text.HAL_RCC_ClockConfig
                0x08005d0c      0x340 Drivers\STM32F3xx_HAL_Driver\Src\stm32f3xx_hal_rcc.o
                0x08005d0c                HAL_RCC_ClockConfig
 .text.HAL_RCC_GetSysClockFreq
                0x0800604c       0xd4 Drivers\STM32F3xx_HAL_Driver\Src\stm32f3xx_hal_rcc.o
                0x0800604c                HAL_RCC_GetSysClockFreq
 .text.HAL_RCC_GetHCLKFreq
                0x08006120       0x18 Drivers\STM32F3xx_HAL_Driver\Src\stm32f3xx_hal_rcc.o
                0x08006120                HAL_RCC_GetHCLKFreq
 .text.HAL_RCC_GetPCLK1Freq
                0x08006138       0x44 Drivers\STM32F3xx_HAL_Driver\Src\stm32f3xx_hal_rcc.o
                0x08006138                HAL_RCC_GetPCLK1Freq
 .text.HAL_RCC_GetPCLK2Freq
                0x0800617c       0x44 Drivers\STM32F3xx_HAL_Driver\Src\stm32f3xx_hal_rcc.o
                0x0800617c                HAL_RCC_GetPCLK2Freq
 .text.HAL_RCCEx_PeriphCLKConfig
                0x080061c0      0x360 Drivers\STM32F3xx_HAL_Driver\Src\stm32f3xx_hal_rcc_ex.o
                0x080061c0                HAL_RCCEx_PeriphCLKConfig
 .text.HAL_SPI_Init
                0x08006520      0x120 Drivers\STM32F3xx_HAL_Driver\Src\stm32f3xx_hal_spi.o
                0x08006520                HAL_SPI_Init
 .text.HAL_SPI_DeInit
                0x08006640       0x50 Drivers\STM32F3xx_HAL_Driver\Src\stm32f3xx_hal_spi.o
                0x08006640                HAL_SPI_DeInit
 .text.HAL_SPI_Transmit
                0x08006690      0x2ac Drivers\STM32F3xx_HAL_Driver\Src\stm32f3xx_hal_spi.o
                0x08006690                HAL_SPI_Transmit
 .text.HAL_SPI_Receive
                0x0800693c      0x242 Drivers\STM32F3xx_HAL_Driver\Src\stm32f3xx_hal_spi.o
                0x0800693c                HAL_SPI_Receive
 .text.HAL_SPI_TransmitReceive
                0x08006b7e      0x3fe Drivers\STM32F3xx_HAL_Driver\Src\stm32f3xx_hal_spi.o
                0x08006b7e                HAL_SPI_TransmitReceive
 .text.SPI_WaitFlagStateUntilTimeout
                0x08006f7c       0xd0 Drivers\STM32F3xx_HAL_Driver\Src\stm32f3xx_hal_spi.o
 .text.SPI_WaitFifoStateUntilTimeout
                0x0800704c       0xe0 Drivers\STM32F3xx_HAL_Driver\Src\stm32f3xx_hal_spi.o
 .text.SPI_EndRxTransaction
                0x0800712c       0xb0 Drivers\STM32F3xx_HAL_Driver\Src\stm32f3xx_hal_spi.o
 .text.SPI_EndRxTxTransaction
                0x080071dc       0x8c Drivers\STM32F3xx_HAL_Driver\Src\stm32f3xx_hal_spi.o
 .text.HAL_TIM_IC_Init
                0x08007268       0x56 Drivers\STM32F3xx_HAL_Driver\Src\stm32f3xx_hal_tim.o
                0x08007268                HAL_TIM_IC_Init
 *fill*         0x080072be        0x2 
 .text.HAL_TIM_IC_Start_IT
                0x080072c0       0xc0 Drivers\STM32F3xx_HAL_Driver\Src\stm32f3xx_hal_tim.o
                0x080072c0                HAL_TIM_IC_Start_IT
 .text.HAL_TIM_IRQHandler
                0x08007380      0x23e Drivers\STM32F3xx_HAL_Driver\Src\stm32f3xx_hal_tim.o
                0x08007380                HAL_TIM_IRQHandler
 .text.HAL_TIM_IC_ConfigChannel
                0x080075be      0x138 Drivers\STM32F3xx_HAL_Driver\Src\stm32f3xx_hal_tim.o
                0x080075be                HAL_TIM_IC_ConfigChannel
 *fill*         0x080076f6        0x2 
 .text.HAL_TIM_ReadCapturedValue
                0x080076f8       0xa4 Drivers\STM32F3xx_HAL_Driver\Src\stm32f3xx_hal_tim.o
                0x080076f8                HAL_TIM_ReadCapturedValue
 .text.HAL_TIM_PeriodElapsedCallback
                0x0800779c       0x14 Drivers\STM32F3xx_HAL_Driver\Src\stm32f3xx_hal_tim.o
                0x0800779c                HAL_TIM_PeriodElapsedCallback
 .text.HAL_TIM_OC_DelayElapsedCallback
                0x080077b0       0x14 Drivers\STM32F3xx_HAL_Driver\Src\stm32f3xx_hal_tim.o
                0x080077b0                HAL_TIM_OC_DelayElapsedCallback
 .text.HAL_TIM_PWM_PulseFinishedCallback
                0x080077c4       0x14 Drivers\STM32F3xx_HAL_Driver\Src\stm32f3xx_hal_tim.o
                0x080077c4                HAL_TIM_PWM_PulseFinishedCallback
 .text.HAL_TIM_TriggerCallback
                0x080077d8       0x14 Drivers\STM32F3xx_HAL_Driver\Src\stm32f3xx_hal_tim.o
                0x080077d8                HAL_TIM_TriggerCallback
 .text.TIM_Base_SetConfig
                0x080077ec      0x124 Drivers\STM32F3xx_HAL_Driver\Src\stm32f3xx_hal_tim.o
                0x080077ec                TIM_Base_SetConfig
 .text.TIM_TI1_SetConfig
                0x08007910       0xd8 Drivers\STM32F3xx_HAL_Driver\Src\stm32f3xx_hal_tim.o
                0x08007910                TIM_TI1_SetConfig
 .text.TIM_TI2_SetConfig
                0x080079e8       0x82 Drivers\STM32F3xx_HAL_Driver\Src\stm32f3xx_hal_tim.o
 .text.TIM_TI3_SetConfig
                0x08007a6a       0x80 Drivers\STM32F3xx_HAL_Driver\Src\stm32f3xx_hal_tim.o
 .text.TIM_TI4_SetConfig
                0x08007aea       0x82 Drivers\STM32F3xx_HAL_Driver\Src\stm32f3xx_hal_tim.o
 .text.TIM_CCxChannelCmd
                0x08007b6c       0x46 Drivers\STM32F3xx_HAL_Driver\Src\stm32f3xx_hal_tim.o
                0x08007b6c                TIM_CCxChannelCmd
 *fill*         0x08007bb2        0x2 
 .text.HAL_TIMEx_MasterConfigSynchronization
                0x08007bb4       0xa8 Drivers\STM32F3xx_HAL_Driver\Src\stm32f3xx_hal_tim_ex.o
                0x08007bb4                HAL_TIMEx_MasterConfigSynchronization
 .text.HAL_TIMEx_CommutationCallback
                0x08007c5c       0x14 Drivers\STM32F3xx_HAL_Driver\Src\stm32f3xx_hal_tim_ex.o
                0x08007c5c                HAL_TIMEx_CommutationCallback
 .text.HAL_TIMEx_BreakCallback
                0x08007c70       0x14 Drivers\STM32F3xx_HAL_Driver\Src\stm32f3xx_hal_tim_ex.o
                0x08007c70                HAL_TIMEx_BreakCallback
 .text.HAL_TIMEx_Break2Callback
                0x08007c84       0x14 Drivers\STM32F3xx_HAL_Driver\Src\stm32f3xx_hal_tim_ex.o
                0x08007c84                HAL_TIMEx_Break2Callback
 .text.HAL_UART_Init
                0x08007c98       0xa2 Drivers\STM32F3xx_HAL_Driver\Src\stm32f3xx_hal_uart.o
                0x08007c98                HAL_UART_Init
 .text.HAL_UART_Transmit
                0x08007d3a      0x11a Drivers\STM32F3xx_HAL_Driver\Src\stm32f3xx_hal_uart.o
                0x08007d3a                HAL_UART_Transmit
 .text.HAL_UART_IRQHandler
                0x08007e54      0x244 Drivers\STM32F3xx_HAL_Driver\Src\stm32f3xx_hal_uart.o
                0x08007e54                HAL_UART_IRQHandler
 .text.HAL_UART_TxCpltCallback
                0x08008098       0x14 Drivers\STM32F3xx_HAL_Driver\Src\stm32f3xx_hal_uart.o
                0x08008098                HAL_UART_TxCpltCallback
 .text.HAL_UART_RxCpltCallback
                0x080080ac       0x14 Drivers\STM32F3xx_HAL_Driver\Src\stm32f3xx_hal_uart.o
                0x080080ac                HAL_UART_RxCpltCallback
 .text.HAL_UART_ErrorCallback
                0x080080c0       0x14 Drivers\STM32F3xx_HAL_Driver\Src\stm32f3xx_hal_uart.o
                0x080080c0                HAL_UART_ErrorCallback
 .text.UART_SetConfig
                0x080080d4      0x3fc Drivers\STM32F3xx_HAL_Driver\Src\stm32f3xx_hal_uart.o
                0x080080d4                UART_SetConfig
 .text.UART_AdvFeatureConfig
                0x080084d0      0x144 Drivers\STM32F3xx_HAL_Driver\Src\stm32f3xx_hal_uart.o
                0x080084d0                UART_AdvFeatureConfig
 .text.UART_CheckIdleState
                0x08008614       0x92 Drivers\STM32F3xx_HAL_Driver\Src\stm32f3xx_hal_uart.o
                0x08008614                UART_CheckIdleState
 .text.UART_WaitOnFlagUntilTimeout
                0x080086a6       0x94 Drivers\STM32F3xx_HAL_Driver\Src\stm32f3xx_hal_uart.o
                0x080086a6                UART_WaitOnFlagUntilTimeout
 .text.UART_EndRxTransfer
                0x0800873a       0x3c Drivers\STM32F3xx_HAL_Driver\Src\stm32f3xx_hal_uart.o
 .text.UART_DMAAbortOnError
                0x08008776       0x2c Drivers\STM32F3xx_HAL_Driver\Src\stm32f3xx_hal_uart.o
 .text.UART_Transmit_IT
                0x080087a2       0xb0 Drivers\STM32F3xx_HAL_Driver\Src\stm32f3xx_hal_uart.o
                0x080087a2                UART_Transmit_IT
 .text.UART_EndTransmit_IT
                0x08008852       0x30 Drivers\STM32F3xx_HAL_Driver\Src\stm32f3xx_hal_uart.o
                0x08008852                UART_EndTransmit_IT
 .text.UART_Receive_IT
                0x08008882       0xd4 Drivers\STM32F3xx_HAL_Driver\Src\stm32f3xx_hal_uart.o
                0x08008882                UART_Receive_IT
 .text.HAL_UARTEx_WakeupCallback
                0x08008956       0x14 Drivers\STM32F3xx_HAL_Driver\Src\stm32f3xx_hal_uart_ex.o
                0x08008956                HAL_UARTEx_WakeupCallback
 *fill*         0x0800896a        0x2 
 .text.LL_EXTI_EnableIT_0_31
                0x0800896c       0x24 Drivers\STM32F3xx_HAL_Driver\Src\stm32f3xx_ll_exti.o
 .text.LL_EXTI_EnableIT_32_63
                0x08008990       0x24 Drivers\STM32F3xx_HAL_Driver\Src\stm32f3xx_ll_exti.o
 .text.LL_EXTI_DisableIT_0_31
                0x080089b4       0x28 Drivers\STM32F3xx_HAL_Driver\Src\stm32f3xx_ll_exti.o
 .text.LL_EXTI_DisableIT_32_63
                0x080089dc       0x28 Drivers\STM32F3xx_HAL_Driver\Src\stm32f3xx_ll_exti.o
 .text.LL_EXTI_EnableEvent_0_31
                0x08008a04       0x24 Drivers\STM32F3xx_HAL_Driver\Src\stm32f3xx_ll_exti.o
 .text.LL_EXTI_EnableEvent_32_63
                0x08008a28       0x24 Drivers\STM32F3xx_HAL_Driver\Src\stm32f3xx_ll_exti.o
 .text.LL_EXTI_DisableEvent_0_31
                0x08008a4c       0x28 Drivers\STM32F3xx_HAL_Driver\Src\stm32f3xx_ll_exti.o
 .text.LL_EXTI_DisableEvent_32_63
                0x08008a74       0x28 Drivers\STM32F3xx_HAL_Driver\Src\stm32f3xx_ll_exti.o
 .text.LL_EXTI_EnableRisingTrig_0_31
                0x08008a9c       0x24 Drivers\STM32F3xx_HAL_Driver\Src\stm32f3xx_ll_exti.o
 .text.LL_EXTI_EnableRisingTrig_32_63
                0x08008ac0       0x24 Drivers\STM32F3xx_HAL_Driver\Src\stm32f3xx_ll_exti.o
 .text.LL_EXTI_DisableRisingTrig_0_31
                0x08008ae4       0x28 Drivers\STM32F3xx_HAL_Driver\Src\stm32f3xx_ll_exti.o
 .text.LL_EXTI_DisableRisingTrig_32_63
                0x08008b0c       0x28 Drivers\STM32F3xx_HAL_Driver\Src\stm32f3xx_ll_exti.o
 .text.LL_EXTI_EnableFallingTrig_0_31
                0x08008b34       0x24 Drivers\STM32F3xx_HAL_Driver\Src\stm32f3xx_ll_exti.o
 .text.LL_EXTI_EnableFallingTrig_32_63
                0x08008b58       0x24 Drivers\STM32F3xx_HAL_Driver\Src\stm32f3xx_ll_exti.o
 .text.LL_EXTI_DisableFallingTrig_0_31
                0x08008b7c       0x28 Drivers\STM32F3xx_HAL_Driver\Src\stm32f3xx_ll_exti.o
 .text.LL_EXTI_DisableFallingTrig_32_63
                0x08008ba4       0x28 Drivers\STM32F3xx_HAL_Driver\Src\stm32f3xx_ll_exti.o
 .text.LL_EXTI_Init
                0x08008bcc      0x1ca Drivers\STM32F3xx_HAL_Driver\Src\stm32f3xx_ll_exti.o
                0x08008bcc                LL_EXTI_Init
 .text.LL_GPIO_SetPinMode
                0x08008d96       0x5a src\main.o
 .text.LL_GPIO_SetPinPull
                0x08008df0       0x5a src\main.o
 *fill*         0x08008e4a        0x2 
 .text.LL_SYSCFG_SetEXTISource
                0x08008e4c       0x54 src\main.o
 .text.HAL_TIM_IC_CaptureCallback
                0x08008ea0       0xbc src\main.o
                0x08008ea0                HAL_TIM_IC_CaptureCallback
 .text.SYS_MicroDelay
                0x08008f5c       0x30 src\main.o
                0x08008f5c                SYS_MicroDelay
 .text.main     0x08008f8c      0x4b4 src\main.o
                0x08008f8c                main
 .text.HAL_SYSTICK_Callback
                0x08009440       0x80 src\main.o
                0x08009440                HAL_SYSTICK_Callback
 .text.SystemClock_Config
                0x080094c0       0xd8 src\main.o
                0x080094c0                SystemClock_Config
 .text.MX_CAN_Init
                0x08009598       0x78 src\main.o
 .text.MX_I2C1_Init
                0x08009610       0x94 src\main.o
 .text.MX_SPI1_Init
                0x080096a4       0x84 src\main.o
 .text.MX_TIM1_Init
                0x08009728       0xd8 src\main.o
 .text.MX_TIM2_Init
                0x08009800       0xcc src\main.o
 .text.MX_TIM3_Init
                0x080098cc       0xd0 src\main.o
 .text.MX_USART2_UART_Init
                0x0800999c       0xcc src\main.o
 .text.MX_GPIO_Init
                0x08009a68      0x2c4 src\main.o
 .text.HAL_GPIO_EXTI_Callback
                0x08009d2c       0x3c src\main.o
                0x08009d2c                HAL_GPIO_EXTI_Callback
 .text.CAN_FilterConfig
                0x08009d68       0x50 src\main.o
                0x08009d68                CAN_FilterConfig
 .text.CAN_Send
                0x08009db8       0xa4 src\main.o
                0x08009db8                CAN_Send
 .text._Error_Handler
                0x08009e5c       0x28 src\main.o
                0x08009e5c                _Error_Handler
 .text.Reset_Handler
                0x08009e84       0x50 src\startup_stm32f303xc.o
                0x08009e84                Reset_Handler
 .text.Default_Handler
                0x08009ed4        0x2 src\startup_stm32f303xc.o
                0x08009ed4                RTC_Alarm_IRQHandler
                0x08009ed4                TIM8_TRG_COM_IRQHandler
                0x08009ed4                TIM8_CC_IRQHandler
                0x08009ed4                DebugMon_Handler
                0x08009ed4                HardFault_Handler
                0x08009ed4                USB_HP_IRQHandler
                0x08009ed4                PVD_IRQHandler
                0x08009ed4                TAMP_STAMP_IRQHandler
                0x08009ed4                NMI_Handler
                0x08009ed4                EXTI3_IRQHandler
                0x08009ed4                USB_HP_CAN_TX_IRQHandler
                0x08009ed4                I2C2_EV_IRQHandler
                0x08009ed4                FPU_IRQHandler
                0x08009ed4                TIM1_UP_TIM16_IRQHandler
                0x08009ed4                UsageFault_Handler
                0x08009ed4                ADC1_2_IRQHandler
                0x08009ed4                SPI1_IRQHandler
                0x08009ed4                CAN_SCE_IRQHandler
                0x08009ed4                TIM6_DAC_IRQHandler
                0x08009ed4                TIM8_UP_IRQHandler
                0x08009ed4                DMA2_Channel2_IRQHandler
                0x08009ed4                DMA1_Channel4_IRQHandler
                0x08009ed4                USART3_IRQHandler
                0x08009ed4                DMA1_Channel7_IRQHandler
                0x08009ed4                UART5_IRQHandler
                0x08009ed4                ADC3_IRQHandler
                0x08009ed4                TIM4_IRQHandler
                0x08009ed4                CAN_RX1_IRQHandler
                0x08009ed4                DMA2_Channel1_IRQHandler
                0x08009ed4                I2C1_EV_IRQHandler
                0x08009ed4                DMA1_Channel6_IRQHandler
                0x08009ed4                UART4_IRQHandler
                0x08009ed4                DMA2_Channel4_IRQHandler
                0x08009ed4                RCC_IRQHandler
                0x08009ed4                DMA1_Channel1_IRQHandler
                0x08009ed4                Default_Handler
                0x08009ed4                USBWakeUp_RMP_IRQHandler
                0x08009ed4                EXTI15_10_IRQHandler
                0x08009ed4                TIM7_IRQHandler
                0x08009ed4                EXTI9_5_IRQHandler
                0x08009ed4                RTC_WKUP_IRQHandler
                0x08009ed4                SPI2_IRQHandler
                0x08009ed4                USB_LP_CAN_RX0_IRQHandler
                0x08009ed4                MemManage_Handler
                0x08009ed4                DMA2_Channel5_IRQHandler
                0x08009ed4                DMA1_Channel5_IRQHandler
                0x08009ed4                USB_LP_IRQHandler
                0x08009ed4                EXTI4_IRQHandler
                0x08009ed4                TIM1_TRG_COM_TIM17_IRQHandler
                0x08009ed4                DMA1_Channel3_IRQHandler
                0x08009ed4                ADC4_IRQHandler
                0x08009ed4                WWDG_IRQHandler
                0x08009ed4                COMP7_IRQHandler
                0x08009ed4                COMP1_2_3_IRQHandler
                0x08009ed4                COMP4_5_6_IRQHandler
                0x08009ed4                I2C2_ER_IRQHandler
                0x08009ed4                DMA1_Channel2_IRQHandler
                0x08009ed4                TIM8_BRK_IRQHandler
                0x08009ed4                FLASH_IRQHandler
                0x08009ed4                BusFault_Handler
                0x08009ed4                USART1_IRQHandler
                0x08009ed4                SPI3_IRQHandler
                0x08009ed4                I2C1_ER_IRQHandler
                0x08009ed4                USBWakeUp_IRQHandler
                0x08009ed4                DMA2_Channel3_IRQHandler
                0x08009ed4                TIM1_BRK_TIM15_IRQHandler
 *fill*         0x08009ed6        0x2 
 .text.BSP_LED_Init
                0x08009ed8      0x160 src\stm32f3_discovery.o
                0x08009ed8                BSP_LED_Init
 .text.BSP_LED_On
                0x0800a038       0x34 src\stm32f3_discovery.o
                0x0800a038                BSP_LED_On
 .text.BSP_LED_Off
                0x0800a06c       0x34 src\stm32f3_discovery.o
                0x0800a06c                BSP_LED_Off
 .text.BSP_LED_Toggle
                0x0800a0a0       0x30 src\stm32f3_discovery.o
                0x0800a0a0                BSP_LED_Toggle
 .text.BSP_PB_Init
                0x0800a0d0       0xc8 src\stm32f3_discovery.o
                0x0800a0d0                BSP_PB_Init
 .text.BSP_PB_GetState
                0x0800a198       0x2c src\stm32f3_discovery.o
                0x0800a198                BSP_PB_GetState
 .text.HAL_MspInit
                0x0800a1c4       0x84 src\stm32f3xx_hal_msp.o
                0x0800a1c4                HAL_MspInit
 .text.HAL_CAN_MspInit
                0x0800a248       0x60 src\stm32f3xx_hal_msp.o
                0x0800a248                HAL_CAN_MspInit
 .text.HAL_I2C_MspInit
                0x0800a2a8       0x60 src\stm32f3xx_hal_msp.o
                0x0800a2a8                HAL_I2C_MspInit
 .text.HAL_I2C_MspDeInit
                0x0800a308       0x3c src\stm32f3xx_hal_msp.o
                0x0800a308                HAL_I2C_MspDeInit
 .text.HAL_SPI_MspInit
                0x0800a344       0x5c src\stm32f3xx_hal_msp.o
                0x0800a344                HAL_SPI_MspInit
 .text.HAL_SPI_MspDeInit
                0x0800a3a0       0x38 src\stm32f3xx_hal_msp.o
                0x0800a3a0                HAL_SPI_MspDeInit
 .text.HAL_TIM_IC_MspInit
                0x0800a3d8      0x124 src\stm32f3xx_hal_msp.o
                0x0800a3d8                HAL_TIM_IC_MspInit
 .text.HAL_UART_MspInit
                0x0800a4fc       0x6c src\stm32f3xx_hal_msp.o
                0x0800a4fc                HAL_UART_MspInit
 .text.SysTick_Handler
                0x0800a568       0x10 src\stm32f3xx_it.o
                0x0800a568                SysTick_Handler
 .text.TIM1_CC_IRQHandler
                0x0800a578       0x14 src\stm32f3xx_it.o
                0x0800a578                TIM1_CC_IRQHandler
 .text.TIM2_IRQHandler
                0x0800a58c       0x14 src\stm32f3xx_it.o
                0x0800a58c                TIM2_IRQHandler
 .text.TIM3_IRQHandler
                0x0800a5a0       0x14 src\stm32f3xx_it.o
                0x0800a5a0                TIM3_IRQHandler
 .text.USART2_IRQHandler
                0x0800a5b4       0x14 src\stm32f3xx_it.o
                0x0800a5b4                USART2_IRQHandler
 .text.EXTI0_IRQHandler
                0x0800a5c8        0xe src\stm32f3xx_it.o
                0x0800a5c8                EXTI0_IRQHandler
 *fill*         0x0800a5d6        0x2 
 .text.SystemInit
                0x0800a5d8       0x94 src\system_stm32f3xx.o
                0x0800a5d8                SystemInit
 .text.ts_itoa  0x0800a66c       0x92 src\tiny_printf.o
                0x0800a66c                ts_itoa
 .text.ts_formatstring
                0x0800a6fe      0x12e src\tiny_printf.o
                0x0800a6fe                ts_formatstring
 .text.ts_formatlength
                0x0800a82c      0x12c src\tiny_printf.o
                0x0800a82c                ts_formatlength
 .text.siprintf
                0x0800a958       0x2c src\tiny_printf.o
                0x0800a958                siprintf
                0x0800a958                sprintf
 .text.iprintf  0x0800a984       0x92 src\tiny_printf.o
                0x0800a984                iprintf
                0x0800a984                printf
 *fill*         0x0800aa16        0x2 
 .text.__libc_init_array
                0x0800aa18       0x48 c:/program files (x86)/atollic/truestudio for stm32 9.1.0/armtools/bin/../lib/gcc/arm-atollic-eabi/6.3.1/../../../../arm-atollic-eabi/lib/armv7e-m/fpu\libc_nano.a(lib_a-init.o)
                0x0800aa18                __libc_init_array
 .text.memset   0x0800aa60       0x10 c:/program files (x86)/atollic/truestudio for stm32 9.1.0/armtools/bin/../lib/gcc/arm-atollic-eabi/6.3.1/../../../../arm-atollic-eabi/lib/armv7e-m/fpu\libc_nano.a(lib_a-memset.o)
                0x0800aa60                memset
 .text.asin     0x0800aa70       0xb0 c:/program files (x86)/atollic/truestudio for stm32 9.1.0/armtools/bin/../lib/gcc/arm-atollic-eabi/6.3.1/../../../../arm-atollic-eabi/lib/armv7e-m/fpu\libm.a(lib_a-w_asin.o)
                0x0800aa70                asin
 .text.atan2    0x0800ab20        0x4 c:/program files (x86)/atollic/truestudio for stm32 9.1.0/armtools/bin/../lib/gcc/arm-atollic-eabi/6.3.1/../../../../arm-atollic-eabi/lib/armv7e-m/fpu\libm.a(lib_a-w_atan2.o)
                0x0800ab20                atan2
 .text.sqrt     0x0800ab24       0xb4 c:/program files (x86)/atollic/truestudio for stm32 9.1.0/armtools/bin/../lib/gcc/arm-atollic-eabi/6.3.1/../../../../arm-atollic-eabi/lib/armv7e-m/fpu\libm.a(lib_a-w_sqrt.o)
                0x0800ab24                sqrt
 .text.__ieee754_asin
                0x0800abd8      0x418 c:/program files (x86)/atollic/truestudio for stm32 9.1.0/armtools/bin/../lib/gcc/arm-atollic-eabi/6.3.1/../../../../arm-atollic-eabi/lib/armv7e-m/fpu\libm.a(lib_a-e_asin.o)
                0x0800abd8                __ieee754_asin
 .text.__ieee754_atan2
                0x0800aff0      0x1b4 c:/program files (x86)/atollic/truestudio for stm32 9.1.0/armtools/bin/../lib/gcc/arm-atollic-eabi/6.3.1/../../../../arm-atollic-eabi/lib/armv7e-m/fpu\libm.a(lib_a-e_atan2.o)
                0x0800aff0                __ieee754_atan2
 .text.__ieee754_sqrt
                0x0800b1a4      0x160 c:/program files (x86)/atollic/truestudio for stm32 9.1.0/armtools/bin/../lib/gcc/arm-atollic-eabi/6.3.1/../../../../arm-atollic-eabi/lib/armv7e-m/fpu\libm.a(lib_a-e_sqrt.o)
                0x0800b1a4                __ieee754_sqrt
 *fill*         0x0800b304        0x4 
 .text.atan     0x0800b308      0x350 c:/program files (x86)/atollic/truestudio for stm32 9.1.0/armtools/bin/../lib/gcc/arm-atollic-eabi/6.3.1/../../../../arm-atollic-eabi/lib/armv7e-m/fpu\libm.a(lib_a-s_atan.o)
                0x0800b308                atan
 .text.fabs     0x0800b658        0xe c:/program files (x86)/atollic/truestudio for stm32 9.1.0/armtools/bin/../lib/gcc/arm-atollic-eabi/6.3.1/../../../../arm-atollic-eabi/lib/armv7e-m/fpu\libm.a(lib_a-s_fabs.o)
                0x0800b658                fabs
 .text.matherr  0x0800b666        0x4 c:/program files (x86)/atollic/truestudio for stm32 9.1.0/armtools/bin/../lib/gcc/arm-atollic-eabi/6.3.1/../../../../arm-atollic-eabi/lib/armv7e-m/fpu\libm.a(lib_a-s_matherr.o)
                0x0800b666                matherr
 *fill*         0x0800b66a        0x6 
 .text.nan      0x0800b670       0x10 c:/program files (x86)/atollic/truestudio for stm32 9.1.0/armtools/bin/../lib/gcc/arm-atollic-eabi/6.3.1/../../../../arm-atollic-eabi/lib/armv7e-m/fpu\libm.a(lib_a-s_nan.o)
                0x0800b670                nan
 .text.__errno  0x0800b680        0xc c:/program files (x86)/atollic/truestudio for stm32 9.1.0/armtools/bin/../lib/gcc/arm-atollic-eabi/6.3.1/../../../../arm-atollic-eabi/lib/armv7e-m/fpu\libc_nano.a(lib_a-errno.o)
                0x0800b680                __errno
 .text._write   0x0800b68c       0x10 c:/program files (x86)/atollic/truestudio for stm32 9.1.0/armtools/bin/../lib/gcc/arm-atollic-eabi/6.3.1/../../../../arm-atollic-eabi/lib/armv7e-m/fpu\libnosys.a(write.o)
                0x0800b68c                _write
 *(.glue_7)
 .glue_7        0x0800b69c        0x0 linker stubs
 *(.glue_7t)
 .glue_7t       0x0800b69c        0x0 linker stubs
 *(.eh_frame)
 .eh_frame      0x0800b69c        0x0 c:/program files (x86)/atollic/truestudio for stm32 9.1.0/armtools/bin/../lib/gcc/arm-atollic-eabi/6.3.1/armv7e-m/fpu/crtbegin.o
 *(.init)
 .init          0x0800b69c        0x4 c:/program files (x86)/atollic/truestudio for stm32 9.1.0/armtools/bin/../lib/gcc/arm-atollic-eabi/6.3.1/armv7e-m/fpu/crti.o
                0x0800b69c                _init
 .init          0x0800b6a0        0x8 c:/program files (x86)/atollic/truestudio for stm32 9.1.0/armtools/bin/../lib/gcc/arm-atollic-eabi/6.3.1/armv7e-m/fpu/crtn.o
 *(.fini)
 .fini          0x0800b6a8        0x4 c:/program files (x86)/atollic/truestudio for stm32 9.1.0/armtools/bin/../lib/gcc/arm-atollic-eabi/6.3.1/armv7e-m/fpu/crti.o
                0x0800b6a8                _fini
 .fini          0x0800b6ac        0x8 c:/program files (x86)/atollic/truestudio for stm32 9.1.0/armtools/bin/../lib/gcc/arm-atollic-eabi/6.3.1/armv7e-m/fpu/crtn.o
                0x0800b6b4                . = ALIGN (0x4)
                0x0800b6b4                _etext = .

.vfp11_veneer   0x0800b6b4        0x0
 .vfp11_veneer  0x0800b6b4        0x0 linker stubs

.v4_bx          0x0800b6b4        0x0
 .v4_bx         0x0800b6b4        0x0 linker stubs

.iplt           0x0800b6b4        0x0
 .iplt          0x0800b6b4        0x0 c:/program files (x86)/atollic/truestudio for stm32 9.1.0/armtools/bin/../lib/gcc/arm-atollic-eabi/6.3.1/armv7e-m/fpu/crtbegin.o

.rodata         0x0800b6b8      0x140
                0x0800b6b8                . = ALIGN (0x4)
 *(.rodata)
 .rodata        0x0800b6b8       0x23 AHRS\stm32f3_discovery_l3gd20.o
 *fill*         0x0800b6db        0x1 
 .rodata        0x0800b6dc       0x27 AHRS\stm32f3_discovery_lsm303dlhc.o
 *fill*         0x0800b703        0x1 
 .rodata        0x0800b704       0x5b src\main.o
 *(.rodata*)
 *fill*         0x0800b75f        0x1 
 .rodata.aPLLMULFactorTable
                0x0800b760       0x10 Drivers\STM32F3xx_HAL_Driver\Src\stm32f3xx_hal_rcc.o
                0x0800b760                aPLLMULFactorTable
 .rodata.aPredivFactorTable
                0x0800b770       0x10 Drivers\STM32F3xx_HAL_Driver\Src\stm32f3xx_hal_rcc.o
                0x0800b770                aPredivFactorTable
 .rodata.LED_PIN
                0x0800b780       0x10 src\stm32f3_discovery.o
                0x0800b780                LED_PIN
 .rodata.AHBPrescTable
                0x0800b790       0x10 src\system_stm32f3xx.o
                0x0800b790                AHBPrescTable
 .rodata.APBPrescTable
                0x0800b7a0        0x8 src\system_stm32f3xx.o
                0x0800b7a0                APBPrescTable
 .rodata.asin.str1.1
                0x0800b7a8        0x5 c:/program files (x86)/atollic/truestudio for stm32 9.1.0/armtools/bin/../lib/gcc/arm-atollic-eabi/6.3.1/../../../../arm-atollic-eabi/lib/armv7e-m/fpu\libm.a(lib_a-w_asin.o)
                                  0x6 (size before relaxing)
 .rodata.sqrt.str1.1
                0x0800b7ad        0x5 c:/program files (x86)/atollic/truestudio for stm32 9.1.0/armtools/bin/../lib/gcc/arm-atollic-eabi/6.3.1/../../../../arm-atollic-eabi/lib/armv7e-m/fpu\libm.a(lib_a-w_sqrt.o)
 *fill*         0x0800b7b2        0x6 
 .rodata.atanhi
                0x0800b7b8       0x20 c:/program files (x86)/atollic/truestudio for stm32 9.1.0/armtools/bin/../lib/gcc/arm-atollic-eabi/6.3.1/../../../../arm-atollic-eabi/lib/armv7e-m/fpu\libm.a(lib_a-s_atan.o)
 .rodata.atanlo
                0x0800b7d8       0x20 c:/program files (x86)/atollic/truestudio for stm32 9.1.0/armtools/bin/../lib/gcc/arm-atollic-eabi/6.3.1/../../../../arm-atollic-eabi/lib/armv7e-m/fpu\libm.a(lib_a-s_atan.o)
                0x0800b7f8                . = ALIGN (0x4)

.rel.dyn        0x0800b7f8        0x0
 .rel.iplt      0x0800b7f8        0x0 c:/program files (x86)/atollic/truestudio for stm32 9.1.0/armtools/bin/../lib/gcc/arm-atollic-eabi/6.3.1/armv7e-m/fpu/crtbegin.o

.ARM.extab
 *(.ARM.extab* .gnu.linkonce.armextab.*)

.ARM            0x0800b7f8        0x0
                0x0800b7f8                __exidx_start = .
 *(.ARM.exidx*)
                0x0800b7f8                __exidx_end = .

.preinit_array  0x0800b7f8        0x0
                0x0800b7f8                PROVIDE (__preinit_array_start, .)
 *(.preinit_array*)
                0x0800b7f8                PROVIDE (__preinit_array_end, .)

.init_array     0x0800b7f8        0x4
                0x0800b7f8                PROVIDE (__init_array_start, .)
 *(SORT(.init_array.*))
 *(.init_array*)
 .init_array    0x0800b7f8        0x4 c:/program files (x86)/atollic/truestudio for stm32 9.1.0/armtools/bin/../lib/gcc/arm-atollic-eabi/6.3.1/armv7e-m/fpu/crtbegin.o
                0x0800b7fc                PROVIDE (__init_array_end, .)

.fini_array     0x0800b7fc        0x4
                [!provide]                PROVIDE (__fini_array_start, .)
 *(SORT(.fini_array.*))
 *(.fini_array*)
 .fini_array    0x0800b7fc        0x4 c:/program files (x86)/atollic/truestudio for stm32 9.1.0/armtools/bin/../lib/gcc/arm-atollic-eabi/6.3.1/armv7e-m/fpu/crtbegin.o
                [!provide]                PROVIDE (__fini_array_end, .)
                0x0800b800                _sidata = LOADADDR (.data)

.data           0x20000000       0xb8 load address 0x0800b800
                0x20000000                . = ALIGN (0x4)
                0x20000000                _sdata = .
 *(.data)
 *(.data*)
 .data.beta     0x20000000        0x4 AHRS\MadgwickAHRS.o
                0x20000000                beta
 .data.q0       0x20000004        0x4 AHRS\MadgwickAHRS.o
                0x20000004                q0
 .data.LSM_Acc_Sensitivity
                0x20000008        0x4 AHRS\sensors.o
                0x20000008                LSM_Acc_Sensitivity
 .data.QuaternionsBuffer
                0x2000000c       0x10 AHRS\sensors.o
                0x2000000c                QuaternionsBuffer
 .data.LSM303DLHC_Timeout
                0x2000001c        0x4 AHRS\stm32f3_discovery_lsm303dlhc.o
                0x2000001c                LSM303DLHC_Timeout
 .data.uwTickPrio
                0x20000020        0x4 Drivers\STM32F3xx_HAL_Driver\Src\stm32f3xx_hal.o
                0x20000020                uwTickPrio
 .data.uwTickFreq
                0x20000024        0x1 Drivers\STM32F3xx_HAL_Driver\Src\stm32f3xx_hal.o
                0x20000024                uwTickFreq
 *fill*         0x20000025        0x3 
 .data.LED_PORT
                0x20000028       0x20 src\stm32f3_discovery.o
                0x20000028                LED_PORT
 .data.BUTTON_PORT
                0x20000048        0x4 src\stm32f3_discovery.o
                0x20000048                BUTTON_PORT
 .data.SystemCoreClock
                0x2000004c        0x4 src\system_stm32f3xx.o
                0x2000004c                SystemCoreClock
 .data.__fdlib_version
                0x20000050        0x1 c:/program files (x86)/atollic/truestudio for stm32 9.1.0/armtools/bin/../lib/gcc/arm-atollic-eabi/6.3.1/../../../../arm-atollic-eabi/lib/armv7e-m/fpu\libm.a(lib_a-s_lib_ver.o)
                0x20000050                __fdlib_version
 *fill*         0x20000051        0x3 
 .data._impure_ptr
                0x20000054        0x4 c:/program files (x86)/atollic/truestudio for stm32 9.1.0/armtools/bin/../lib/gcc/arm-atollic-eabi/6.3.1/../../../../arm-atollic-eabi/lib/armv7e-m/fpu\libc_nano.a(lib_a-impure.o)
                0x20000054                _impure_ptr
 .data.impure_data
                0x20000058       0x60 c:/program files (x86)/atollic/truestudio for stm32 9.1.0/armtools/bin/../lib/gcc/arm-atollic-eabi/6.3.1/../../../../arm-atollic-eabi/lib/armv7e-m/fpu\libc_nano.a(lib_a-impure.o)
                0x200000b8                . = ALIGN (0x4)
                0x200000b8                _edata = .
                0x0800b8b8                _siccmram = LOADADDR (.ccmram)

.igot.plt       0x200000b8        0x0 load address 0x0800b8b8
 .igot.plt      0x200000b8        0x0 c:/program files (x86)/atollic/truestudio for stm32 9.1.0/armtools/bin/../lib/gcc/arm-atollic-eabi/6.3.1/armv7e-m/fpu/crtbegin.o

.ccmram         0x10000000        0x0 load address 0x0800b8b8
                0x10000000                . = ALIGN (0x4)
                0x10000000                _sccmram = .
 *(.ccmram)
 *(.ccmram*)
                0x10000000                . = ALIGN (0x4)
                0x10000000                _eccmram = .
                0x10000000                . = ALIGN (0x4)

.bss            0x200000b8      0x334
                0x200000b8                _sbss = .
                0x200000b8                __bss_start__ = _sbss
 *(.bss)
 .bss           0x200000b8       0x1c c:/program files (x86)/atollic/truestudio for stm32 9.1.0/armtools/bin/../lib/gcc/arm-atollic-eabi/6.3.1/armv7e-m/fpu/crtbegin.o
 *(.bss*)
 .bss.q1        0x200000d4        0x4 AHRS\MadgwickAHRS.o
                0x200000d4                q1
 .bss.q2        0x200000d8        0x4 AHRS\MadgwickAHRS.o
                0x200000d8                q2
 .bss.q3        0x200000dc        0x4 AHRS\MadgwickAHRS.o
                0x200000dc                q3
 .bss.Magn_Sensitivity_XY
                0x200000e0        0x2 AHRS\sensors.o
                0x200000e0                Magn_Sensitivity_XY
 .bss.Magn_Sensitivity_Z
                0x200000e2        0x2 AHRS\sensors.o
                0x200000e2                Magn_Sensitivity_Z
 .bss.GyroSensitivity
                0x200000e4        0x4 AHRS\sensors.o
                0x200000e4                GyroSensitivity
 .bss.Gyro_LBEFlag
                0x200000e8        0x1 AHRS\sensors.o
                0x200000e8                Gyro_LBEFlag
 .bss.GyroDRDFlag
                0x200000e9        0x1 AHRS\sensors.o
                0x200000e9                GyroDRDFlag
 .bss.Accel_LBEorFIFOFlag
                0x200000ea        0x1 AHRS\sensors.o
                0x200000ea                Accel_LBEorFIFOFlag
 *fill*         0x200000eb        0x1 
 .bss.MagBuffer
                0x200000ec        0xc AHRS\sensors.o
                0x200000ec                MagBuffer
 .bss.AccBuffer
                0x200000f8        0xc AHRS\sensors.o
                0x200000f8                AccBuffer
 .bss.GyroBuffer
                0x20000104        0xc AHRS\sensors.o
                0x20000104                GyroBuffer
 .bss.MagTempBuffer
                0x20000110        0x6 AHRS\sensors.o
                0x20000110                MagTempBuffer
 *fill*         0x20000116        0x2 
 .bss.AccTempBuffer
                0x20000118        0x6 AHRS\sensors.o
                0x20000118                AccTempBuffer
 *fill*         0x2000011e        0x2 
 .bss.GyroTempBuffer
                0x20000120        0x6 AHRS\sensors.o
                0x20000120                GyroTempBuffer
 *fill*         0x20000126        0x2 
 .bss.GyroCorrectionCoeffs
                0x20000128        0xc AHRS\sensors.o
                0x20000128                GyroCorrectionCoeffs
 .bss.US_G_Echo
                0x20000134        0x4 src\main.o
                0x20000134                US_G_Echo
 .bss.US_C_Echo
                0x20000138        0x4 src\main.o
                0x20000138                US_C_Echo
 .bss.US_D_Echo
                0x2000013c        0x4 src\main.o
                0x2000013c                US_D_Echo
 .bss.US_AV_G_mes
                0x20000140        0x4 src\main.o
                0x20000140                US_AV_G_mes
 .bss.US_AV_C_mes
                0x20000144        0x4 src\main.o
                0x20000144                US_AV_C_mes
 .bss.US_AV_D_mes
                0x20000148        0x4 src\main.o
                0x20000148                US_AV_D_mes
 .bss.US_AR_G_mes
                0x2000014c        0x4 src\main.o
                0x2000014c                US_AR_G_mes
 .bss.US_AR_C_mes
                0x20000150        0x4 src\main.o
                0x20000150                US_AR_C_mes
 .bss.US_AR_D_mes
                0x20000154        0x4 src\main.o
                0x20000154                US_AR_D_mes
 .bss.Hall      0x20000158        0x4 src\main.o
                0x20000158                Hall
 .bss.UserPressButton
                0x2000015c        0x4 src\main.o
                0x2000015c                UserPressButton
 .bss.US_Flag   0x20000160        0x1 src\main.o
                0x20000160                US_Flag
 .bss.AHRS_Flag
                0x20000161        0x1 src\main.o
                0x20000161                AHRS_Flag
 .bss.Hall_Flag
                0x20000162        0x1 src\main.o
                0x20000162                Hall_Flag
 *fill*         0x20000163        0x1 
 .bss.counter.9946
                0x20000164        0x4 src\main.o
 .bss.counterAHRS.9947
                0x20000168        0x4 src\main.o
 .bss.counterHall.9948
                0x2000016c        0x4 src\main.o
 *(COMMON)
 COMMON         0x20000170        0x1 AHRS\sensors.o
                0x20000170                Accel_cDivider
 *fill*         0x20000171        0x3 
 COMMON         0x20000174        0x4 Drivers\STM32F3xx_HAL_Driver\Src\stm32f3xx_hal.o
                0x20000174                uwTick
 COMMON         0x20000178      0x270 src\main.o
                0x20000178                hi2c1
                0x200001c4                hcan
                0x20000208                htim3
                0x20000248                htim1
                0x20000288                eulerBuffer
                0x20000294                hspi1
                0x200002f8                htim2
                0x20000338                huart2
                0x200003a8                TxMessage
                0x200003c4                RxMessage
 COMMON         0x200003e8        0x4 c:/program files (x86)/atollic/truestudio for stm32 9.1.0/armtools/bin/../lib/gcc/arm-atollic-eabi/6.3.1/../../../../arm-atollic-eabi/lib/armv7e-m/fpu\libnosys.a(errno.o)
                0x200003e8                errno
                0x200003ec                . = ALIGN (0x4)
                0x200003ec                _ebss = .
                0x200003ec                __bss_end__ = _ebss

._user_heap_stack
                0x200003ec      0x200
                0x200003ec                . = ALIGN (0x4)
                [!provide]                PROVIDE (end, .)
                [!provide]                PROVIDE (_end, .)
                0x200003ec                . = (. + _Min_Heap_Size)
                0x200005ec                . = (. + _Min_Stack_Size)
 *fill*         0x200003ec      0x200 
                0x200005ec                . = ALIGN (0x4)

.memory_b1_text
 *(.mb1text)
 *(.mb1text*)
 *(.mb1rodata)
 *(.mb1rodata*)

/DISCARD/
 libc.a(*)
 libm.a(*)
 libgcc.a(*)

.ARM.attributes
                0x00000000       0x30
 *(.ARM.attributes)
 .ARM.attributes
                0x00000000       0x22 c:/program files (x86)/atollic/truestudio for stm32 9.1.0/armtools/bin/../lib/gcc/arm-atollic-eabi/6.3.1/armv7e-m/fpu/crti.o
 .ARM.attributes
                0x00000022       0x34 c:/program files (x86)/atollic/truestudio for stm32 9.1.0/armtools/bin/../lib/gcc/arm-atollic-eabi/6.3.1/armv7e-m/fpu/crtbegin.o
 .ARM.attributes
                0x00000056       0x39 AHRS\MadgwickAHRS.o
 .ARM.attributes
                0x0000008f       0x39 AHRS\sensors.o
 .ARM.attributes
                0x000000c8       0x39 AHRS\stm32f3_discovery_l3gd20.o
 .ARM.attributes
                0x00000101       0x39 AHRS\stm32f3_discovery_lsm303dlhc.o
 .ARM.attributes
                0x0000013a       0x39 AHRS\stm32f3xx_AHRS_it.o
 .ARM.attributes
                0x00000173       0x39 Drivers\STM32F3xx_HAL_Driver\Src\stm32f3xx_hal.o
 .ARM.attributes
                0x000001ac       0x39 Drivers\STM32F3xx_HAL_Driver\Src\stm32f3xx_hal_can.o
 .ARM.attributes
                0x000001e5       0x39 Drivers\STM32F3xx_HAL_Driver\Src\stm32f3xx_hal_cortex.o
 .ARM.attributes
                0x0000021e       0x39 Drivers\STM32F3xx_HAL_Driver\Src\stm32f3xx_hal_dma.o
 .ARM.attributes
                0x00000257       0x39 Drivers\STM32F3xx_HAL_Driver\Src\stm32f3xx_hal_gpio.o
 .ARM.attributes
                0x00000290       0x39 Drivers\STM32F3xx_HAL_Driver\Src\stm32f3xx_hal_i2c.o
 .ARM.attributes
                0x000002c9       0x39 Drivers\STM32F3xx_HAL_Driver\Src\stm32f3xx_hal_i2c_ex.o
 .ARM.attributes
                0x00000302       0x39 Drivers\STM32F3xx_HAL_Driver\Src\stm32f3xx_hal_rcc.o
 .ARM.attributes
                0x0000033b       0x39 Drivers\STM32F3xx_HAL_Driver\Src\stm32f3xx_hal_rcc_ex.o
 .ARM.attributes
                0x00000374       0x39 Drivers\STM32F3xx_HAL_Driver\Src\stm32f3xx_hal_spi.o
 .ARM.attributes
                0x000003ad       0x39 Drivers\STM32F3xx_HAL_Driver\Src\stm32f3xx_hal_tim.o
 .ARM.attributes
                0x000003e6       0x39 Drivers\STM32F3xx_HAL_Driver\Src\stm32f3xx_hal_tim_ex.o
 .ARM.attributes
                0x0000041f       0x39 Drivers\STM32F3xx_HAL_Driver\Src\stm32f3xx_hal_uart.o
 .ARM.attributes
                0x00000458       0x39 Drivers\STM32F3xx_HAL_Driver\Src\stm32f3xx_hal_uart_ex.o
 .ARM.attributes
                0x00000491       0x39 Drivers\STM32F3xx_HAL_Driver\Src\stm32f3xx_ll_exti.o
 .ARM.attributes
                0x000004ca       0x39 src\main.o
 .ARM.attributes
                0x00000503       0x21 src\startup_stm32f303xc.o
 .ARM.attributes
                0x00000524       0x39 src\stm32f3_discovery.o
 .ARM.attributes
                0x0000055d       0x39 src\stm32f3xx_hal_msp.o
 .ARM.attributes
                0x00000596       0x39 src\stm32f3xx_it.o
 .ARM.attributes
                0x000005cf       0x39 src\system_stm32f3xx.o
 .ARM.attributes
                0x00000608       0x39 src\tiny_printf.o
 .ARM.attributes
                0x00000641       0x34 c:/program files (x86)/atollic/truestudio for stm32 9.1.0/armtools/bin/../lib/gcc/arm-atollic-eabi/6.3.1/../../../../arm-atollic-eabi/lib/armv7e-m/fpu\libc_nano.a(lib_a-init.o)
 .ARM.attributes
                0x00000675       0x34 c:/program files (x86)/atollic/truestudio for stm32 9.1.0/armtools/bin/../lib/gcc/arm-atollic-eabi/6.3.1/../../../../arm-atollic-eabi/lib/armv7e-m/fpu\libc_nano.a(lib_a-memset.o)
 .ARM.attributes
                0x000006a9       0x1b c:/program files (x86)/atollic/truestudio for stm32 9.1.0/armtools/bin/../lib/gcc/arm-atollic-eabi/6.3.1/../../../../arm-atollic-eabi/lib/armv7e-m/fpu\libc_nano.a(lib_a-strlen.o)
 .ARM.attributes
                0x000006c4       0x34 c:/program files (x86)/atollic/truestudio for stm32 9.1.0/armtools/bin/../lib/gcc/arm-atollic-eabi/6.3.1/../../../../arm-atollic-eabi/lib/armv7e-m/fpu\libm.a(lib_a-w_asin.o)
 .ARM.attributes
                0x000006f8       0x34 c:/program files (x86)/atollic/truestudio for stm32 9.1.0/armtools/bin/../lib/gcc/arm-atollic-eabi/6.3.1/../../../../arm-atollic-eabi/lib/armv7e-m/fpu\libm.a(lib_a-w_atan2.o)
 .ARM.attributes
                0x0000072c       0x34 c:/program files (x86)/atollic/truestudio for stm32 9.1.0/armtools/bin/../lib/gcc/arm-atollic-eabi/6.3.1/../../../../arm-atollic-eabi/lib/armv7e-m/fpu\libm.a(lib_a-w_sqrt.o)
 .ARM.attributes
                0x00000760       0x34 c:/program files (x86)/atollic/truestudio for stm32 9.1.0/armtools/bin/../lib/gcc/arm-atollic-eabi/6.3.1/../../../../arm-atollic-eabi/lib/armv7e-m/fpu\libm.a(lib_a-e_asin.o)
 .ARM.attributes
                0x00000794       0x34 c:/program files (x86)/atollic/truestudio for stm32 9.1.0/armtools/bin/../lib/gcc/arm-atollic-eabi/6.3.1/../../../../arm-atollic-eabi/lib/armv7e-m/fpu\libm.a(lib_a-e_atan2.o)
 .ARM.attributes
                0x000007c8       0x34 c:/program files (x86)/atollic/truestudio for stm32 9.1.0/armtools/bin/../lib/gcc/arm-atollic-eabi/6.3.1/../../../../arm-atollic-eabi/lib/armv7e-m/fpu\libm.a(lib_a-e_sqrt.o)
 .ARM.attributes
                0x000007fc       0x34 c:/program files (x86)/atollic/truestudio for stm32 9.1.0/armtools/bin/../lib/gcc/arm-atollic-eabi/6.3.1/../../../../arm-atollic-eabi/lib/armv7e-m/fpu\libm.a(lib_a-s_atan.o)
 .ARM.attributes
                0x00000830       0x34 c:/program files (x86)/atollic/truestudio for stm32 9.1.0/armtools/bin/../lib/gcc/arm-atollic-eabi/6.3.1/../../../../arm-atollic-eabi/lib/armv7e-m/fpu\libm.a(lib_a-s_fabs.o)
 .ARM.attributes
                0x00000864       0x34 c:/program files (x86)/atollic/truestudio for stm32 9.1.0/armtools/bin/../lib/gcc/arm-atollic-eabi/6.3.1/../../../../arm-atollic-eabi/lib/armv7e-m/fpu\libm.a(lib_a-s_lib_ver.o)
 .ARM.attributes
                0x00000898       0x34 c:/program files (x86)/atollic/truestudio for stm32 9.1.0/armtools/bin/../lib/gcc/arm-atollic-eabi/6.3.1/../../../../arm-atollic-eabi/lib/armv7e-m/fpu\libm.a(lib_a-s_matherr.o)
 .ARM.attributes
                0x000008cc       0x34 c:/program files (x86)/atollic/truestudio for stm32 9.1.0/armtools/bin/../lib/gcc/arm-atollic-eabi/6.3.1/../../../../arm-atollic-eabi/lib/armv7e-m/fpu\libm.a(lib_a-s_nan.o)
 .ARM.attributes
                0x00000900       0x34 c:/program files (x86)/atollic/truestudio for stm32 9.1.0/armtools/bin/../lib/gcc/arm-atollic-eabi/6.3.1/../../../../arm-atollic-eabi/lib/armv7e-m/fpu\libc_nano.a(lib_a-errno.o)
 .ARM.attributes
                0x00000934       0x34 c:/program files (x86)/atollic/truestudio for stm32 9.1.0/armtools/bin/../lib/gcc/arm-atollic-eabi/6.3.1/../../../../arm-atollic-eabi/lib/armv7e-m/fpu\libc_nano.a(lib_a-impure.o)
 .ARM.attributes
                0x00000968       0x22 c:/program files (x86)/atollic/truestudio for stm32 9.1.0/armtools/bin/../lib/gcc/arm-atollic-eabi/6.3.1/armv7e-m/fpu\libgcc.a(_arm_addsubdf3.o)
 .ARM.attributes
                0x0000098a       0x22 c:/program files (x86)/atollic/truestudio for stm32 9.1.0/armtools/bin/../lib/gcc/arm-atollic-eabi/6.3.1/armv7e-m/fpu\libgcc.a(_arm_muldivdf3.o)
 .ARM.attributes
                0x000009ac       0x22 c:/program files (x86)/atollic/truestudio for stm32 9.1.0/armtools/bin/../lib/gcc/arm-atollic-eabi/6.3.1/armv7e-m/fpu\libgcc.a(_arm_cmpdf2.o)
 .ARM.attributes
                0x000009ce       0x22 c:/program files (x86)/atollic/truestudio for stm32 9.1.0/armtools/bin/../lib/gcc/arm-atollic-eabi/6.3.1/armv7e-m/fpu\libgcc.a(_arm_unorddf2.o)
 .ARM.attributes
                0x000009f0       0x22 c:/program files (x86)/atollic/truestudio for stm32 9.1.0/armtools/bin/../lib/gcc/arm-atollic-eabi/6.3.1/armv7e-m/fpu\libgcc.a(_arm_truncdfsf2.o)
 .ARM.attributes
                0x00000a12       0x34 c:/program files (x86)/atollic/truestudio for stm32 9.1.0/armtools/bin/../lib/gcc/arm-atollic-eabi/6.3.1/../../../../arm-atollic-eabi/lib/armv7e-m/fpu\libnosys.a(write.o)
 .ARM.attributes
                0x00000a46       0x34 c:/program files (x86)/atollic/truestudio for stm32 9.1.0/armtools/bin/../lib/gcc/arm-atollic-eabi/6.3.1/../../../../arm-atollic-eabi/lib/armv7e-m/fpu\libnosys.a(errno.o)
 .ARM.attributes
                0x00000a7a       0x22 c:/program files (x86)/atollic/truestudio for stm32 9.1.0/armtools/bin/../lib/gcc/arm-atollic-eabi/6.3.1/armv7e-m/fpu/crtn.o
OUTPUT(DiscoveryTB.elf elf32-littlearm)

.debug_info     0x00000000    0x2493f
 .debug_info    0x00000000      0xdc2 AHRS\MadgwickAHRS.o
 .debug_info    0x00000dc2     0x1158 AHRS\sensors.o
 .debug_info    0x00001f1a     0x166f AHRS\stm32f3_discovery_l3gd20.o
 .debug_info    0x00003589     0x15bc AHRS\stm32f3_discovery_lsm303dlhc.o
 .debug_info    0x00004b45      0xa0d AHRS\stm32f3xx_AHRS_it.o
 .debug_info    0x00005552     0x1051 Drivers\STM32F3xx_HAL_Driver\Src\stm32f3xx_hal.o
 .debug_info    0x000065a3     0x139e Drivers\STM32F3xx_HAL_Driver\Src\stm32f3xx_hal_can.o
 .debug_info    0x00007941     0x15ce Drivers\STM32F3xx_HAL_Driver\Src\stm32f3xx_hal_cortex.o
 .debug_info    0x00008f0f     0x1007 Drivers\STM32F3xx_HAL_Driver\Src\stm32f3xx_hal_dma.o
 .debug_info    0x00009f16      0xf58 Drivers\STM32F3xx_HAL_Driver\Src\stm32f3xx_hal_gpio.o
 .debug_info    0x0000ae6e     0x2447 Drivers\STM32F3xx_HAL_Driver\Src\stm32f3xx_hal_i2c.o
 .debug_info    0x0000d2b5     0x111b Drivers\STM32F3xx_HAL_Driver\Src\stm32f3xx_hal_i2c_ex.o
 .debug_info    0x0000e3d0     0x1fea Drivers\STM32F3xx_HAL_Driver\Src\stm32f3xx_hal_rcc.o
 .debug_info    0x000103ba      0xef8 Drivers\STM32F3xx_HAL_Driver\Src\stm32f3xx_hal_rcc_ex.o
 .debug_info    0x000112b2     0x1e2f Drivers\STM32F3xx_HAL_Driver\Src\stm32f3xx_hal_spi.o
 .debug_info    0x000130e1     0x2b51 Drivers\STM32F3xx_HAL_Driver\Src\stm32f3xx_hal_tim.o
 .debug_info    0x00015c32     0x1b30 Drivers\STM32F3xx_HAL_Driver\Src\stm32f3xx_hal_tim_ex.o
 .debug_info    0x00017762     0x1cca Drivers\STM32F3xx_HAL_Driver\Src\stm32f3xx_hal_uart.o
 .debug_info    0x0001942c     0x10b9 Drivers\STM32F3xx_HAL_Driver\Src\stm32f3xx_hal_uart_ex.o
 .debug_info    0x0001a4e5      0xdee Drivers\STM32F3xx_HAL_Driver\Src\stm32f3xx_ll_exti.o
 .debug_info    0x0001b2d3     0x2c53 src\main.o
 .debug_info    0x0001df26       0x8d src\startup_stm32f303xc.o
 .debug_info    0x0001dfb3     0x1cd7 src\stm32f3_discovery.o
 .debug_info    0x0001fc8a     0x21a8 src\stm32f3xx_hal_msp.o
 .debug_info    0x00021e32     0x11f5 src\stm32f3xx_it.o
 .debug_info    0x00023027      0xca0 src\system_stm32f3xx.o
 .debug_info    0x00023cc7      0xc78 src\tiny_printf.o

.debug_abbrev   0x00000000     0x401c
 .debug_abbrev  0x00000000      0x21c AHRS\MadgwickAHRS.o
 .debug_abbrev  0x0000021c      0x2c2 AHRS\sensors.o
 .debug_abbrev  0x000004de      0x294 AHRS\stm32f3_discovery_l3gd20.o
 .debug_abbrev  0x00000772      0x252 AHRS\stm32f3_discovery_lsm303dlhc.o
 .debug_abbrev  0x000009c4      0x190 AHRS\stm32f3xx_AHRS_it.o
 .debug_abbrev  0x00000b54      0x282 Drivers\STM32F3xx_HAL_Driver\Src\stm32f3xx_hal.o
 .debug_abbrev  0x00000dd6      0x288 Drivers\STM32F3xx_HAL_Driver\Src\stm32f3xx_hal_can.o
 .debug_abbrev  0x0000105e      0x33d Drivers\STM32F3xx_HAL_Driver\Src\stm32f3xx_hal_cortex.o
 .debug_abbrev  0x0000139b      0x26a Drivers\STM32F3xx_HAL_Driver\Src\stm32f3xx_hal_dma.o
 .debug_abbrev  0x00001605      0x24c Drivers\STM32F3xx_HAL_Driver\Src\stm32f3xx_hal_gpio.o
 .debug_abbrev  0x00001851      0x2a5 Drivers\STM32F3xx_HAL_Driver\Src\stm32f3xx_hal_i2c.o
 .debug_abbrev  0x00001af6      0x21a Drivers\STM32F3xx_HAL_Driver\Src\stm32f3xx_hal_i2c_ex.o
 .debug_abbrev  0x00001d10      0x2fc Drivers\STM32F3xx_HAL_Driver\Src\stm32f3xx_hal_rcc.o
 .debug_abbrev  0x0000200c      0x2c7 Drivers\STM32F3xx_HAL_Driver\Src\stm32f3xx_hal_rcc_ex.o
 .debug_abbrev  0x000022d3      0x294 Drivers\STM32F3xx_HAL_Driver\Src\stm32f3xx_hal_spi.o
 .debug_abbrev  0x00002567      0x2ab Drivers\STM32F3xx_HAL_Driver\Src\stm32f3xx_hal_tim.o
 .debug_abbrev  0x00002812      0x288 Drivers\STM32F3xx_HAL_Driver\Src\stm32f3xx_hal_tim_ex.o
 .debug_abbrev  0x00002a9a      0x271 Drivers\STM32F3xx_HAL_Driver\Src\stm32f3xx_hal_uart.o
 .debug_abbrev  0x00002d0b      0x236 Drivers\STM32F3xx_HAL_Driver\Src\stm32f3xx_hal_uart_ex.o
 .debug_abbrev  0x00002f41      0x230 Drivers\STM32F3xx_HAL_Driver\Src\stm32f3xx_ll_exti.o
 .debug_abbrev  0x00003171      0x3ad src\main.o
 .debug_abbrev  0x0000351e       0x12 src\startup_stm32f303xc.o
 .debug_abbrev  0x00003530      0x2b0 src\stm32f3_discovery.o
 .debug_abbrev  0x000037e0      0x264 src\stm32f3xx_hal_msp.o
 .debug_abbrev  0x00003a44      0x1ac src\stm32f3xx_it.o
 .debug_abbrev  0x00003bf0      0x1ca src\system_stm32f3xx.o
 .debug_abbrev  0x00003dba      0x262 src\tiny_printf.o

.debug_aranges  0x00000000     0x15c8
 .debug_aranges
                0x00000000       0x30 AHRS\MadgwickAHRS.o
 .debug_aranges
                0x00000030       0xa0 AHRS\sensors.o
 .debug_aranges
                0x000000d0       0x88 AHRS\stm32f3_discovery_l3gd20.o
 .debug_aranges
                0x00000158       0x98 AHRS\stm32f3_discovery_lsm303dlhc.o
 .debug_aranges
                0x000001f0       0x38 AHRS\stm32f3xx_AHRS_it.o
 .debug_aranges
                0x00000228       0xe0 Drivers\STM32F3xx_HAL_Driver\Src\stm32f3xx_hal.o
 .debug_aranges
                0x00000308       0xb0 Drivers\STM32F3xx_HAL_Driver\Src\stm32f3xx_hal_can.o
 .debug_aranges
                0x000003b8      0x118 Drivers\STM32F3xx_HAL_Driver\Src\stm32f3xx_hal_cortex.o
 .debug_aranges
                0x000004d0       0x88 Drivers\STM32F3xx_HAL_Driver\Src\stm32f3xx_hal_dma.o
 .debug_aranges
                0x00000558       0x58 Drivers\STM32F3xx_HAL_Driver\Src\stm32f3xx_hal_gpio.o
 .debug_aranges
                0x000005b0      0x260 Drivers\STM32F3xx_HAL_Driver\Src\stm32f3xx_hal_i2c.o
 .debug_aranges
                0x00000810       0x48 Drivers\STM32F3xx_HAL_Driver\Src\stm32f3xx_hal_i2c_ex.o
 .debug_aranges
                0x00000858       0x88 Drivers\STM32F3xx_HAL_Driver\Src\stm32f3xx_hal_rcc.o
 .debug_aranges
                0x000008e0       0x38 Drivers\STM32F3xx_HAL_Driver\Src\stm32f3xx_hal_rcc_ex.o
 .debug_aranges
                0x00000918      0x1d8 Drivers\STM32F3xx_HAL_Driver\Src\stm32f3xx_hal_spi.o
 .debug_aranges
                0x00000af0      0x378 Drivers\STM32F3xx_HAL_Driver\Src\stm32f3xx_hal_tim.o
 .debug_aranges
                0x00000e68      0x178 Drivers\STM32F3xx_HAL_Driver\Src\stm32f3xx_hal_tim_ex.o
 .debug_aranges
                0x00000fe0      0x1f0 Drivers\STM32F3xx_HAL_Driver\Src\stm32f3xx_hal_uart.o
 .debug_aranges
                0x000011d0       0x48 Drivers\STM32F3xx_HAL_Driver\Src\stm32f3xx_hal_uart_ex.o
 .debug_aranges
                0x00001218       0xb0 Drivers\STM32F3xx_HAL_Driver\Src\stm32f3xx_ll_exti.o
 .debug_aranges
                0x000012c8       0xc8 src\main.o
 .debug_aranges
                0x00001390       0x28 src\startup_stm32f303xc.o
 .debug_aranges
                0x000013b8       0xd0 src\stm32f3_discovery.o
 .debug_aranges
                0x00001488       0x70 src\stm32f3xx_hal_msp.o
 .debug_aranges
                0x000014f8       0x48 src\stm32f3xx_it.o
 .debug_aranges
                0x00001540       0x28 src\system_stm32f3xx.o
 .debug_aranges
                0x00001568       0x60 src\tiny_printf.o

.debug_ranges   0x00000000     0x1420
 .debug_ranges  0x00000000       0x20 AHRS\MadgwickAHRS.o
 .debug_ranges  0x00000020       0x90 AHRS\sensors.o
 .debug_ranges  0x000000b0       0x78 AHRS\stm32f3_discovery_l3gd20.o
 .debug_ranges  0x00000128       0x88 AHRS\stm32f3_discovery_lsm303dlhc.o
 .debug_ranges  0x000001b0       0x28 AHRS\stm32f3xx_AHRS_it.o
 .debug_ranges  0x000001d8       0xd0 Drivers\STM32F3xx_HAL_Driver\Src\stm32f3xx_hal.o
 .debug_ranges  0x000002a8       0xa0 Drivers\STM32F3xx_HAL_Driver\Src\stm32f3xx_hal_can.o
 .debug_ranges  0x00000348      0x108 Drivers\STM32F3xx_HAL_Driver\Src\stm32f3xx_hal_cortex.o
 .debug_ranges  0x00000450       0x78 Drivers\STM32F3xx_HAL_Driver\Src\stm32f3xx_hal_dma.o
 .debug_ranges  0x000004c8       0x48 Drivers\STM32F3xx_HAL_Driver\Src\stm32f3xx_hal_gpio.o
 .debug_ranges  0x00000510      0x250 Drivers\STM32F3xx_HAL_Driver\Src\stm32f3xx_hal_i2c.o
 .debug_ranges  0x00000760       0x38 Drivers\STM32F3xx_HAL_Driver\Src\stm32f3xx_hal_i2c_ex.o
 .debug_ranges  0x00000798       0x78 Drivers\STM32F3xx_HAL_Driver\Src\stm32f3xx_hal_rcc.o
 .debug_ranges  0x00000810       0x28 Drivers\STM32F3xx_HAL_Driver\Src\stm32f3xx_hal_rcc_ex.o
 .debug_ranges  0x00000838      0x1c8 Drivers\STM32F3xx_HAL_Driver\Src\stm32f3xx_hal_spi.o
 .debug_ranges  0x00000a00      0x368 Drivers\STM32F3xx_HAL_Driver\Src\stm32f3xx_hal_tim.o
 .debug_ranges  0x00000d68      0x168 Drivers\STM32F3xx_HAL_Driver\Src\stm32f3xx_hal_tim_ex.o
 .debug_ranges  0x00000ed0      0x1e0 Drivers\STM32F3xx_HAL_Driver\Src\stm32f3xx_hal_uart.o
 .debug_ranges  0x000010b0       0x38 Drivers\STM32F3xx_HAL_Driver\Src\stm32f3xx_hal_uart_ex.o
 .debug_ranges  0x000010e8       0xa0 Drivers\STM32F3xx_HAL_Driver\Src\stm32f3xx_ll_exti.o
 .debug_ranges  0x00001188       0xb8 src\main.o
 .debug_ranges  0x00001240       0x20 src\startup_stm32f303xc.o
 .debug_ranges  0x00001260       0xc0 src\stm32f3_discovery.o
 .debug_ranges  0x00001320       0x60 src\stm32f3xx_hal_msp.o
 .debug_ranges  0x00001380       0x38 src\stm32f3xx_it.o
 .debug_ranges  0x000013b8       0x18 src\system_stm32f3xx.o
 .debug_ranges  0x000013d0       0x50 src\tiny_printf.o

.debug_line     0x00000000     0xb97e
 .debug_line    0x00000000      0x29b AHRS\MadgwickAHRS.o
 .debug_line    0x0000029b      0x5da AHRS\sensors.o
 .debug_line    0x00000875      0x4bd AHRS\stm32f3_discovery_l3gd20.o
 .debug_line    0x00000d32      0x4e6 AHRS\stm32f3_discovery_lsm303dlhc.o
 .debug_line    0x00001218      0x2be AHRS\stm32f3xx_AHRS_it.o
 .debug_line    0x000014d6      0x4d1 Drivers\STM32F3xx_HAL_Driver\Src\stm32f3xx_hal.o
 .debug_line    0x000019a7      0x800 Drivers\STM32F3xx_HAL_Driver\Src\stm32f3xx_hal_can.o
 .debug_line    0x000021a7      0x607 Drivers\STM32F3xx_HAL_Driver\Src\stm32f3xx_hal_cortex.o
 .debug_line    0x000027ae      0x522 Drivers\STM32F3xx_HAL_Driver\Src\stm32f3xx_hal_dma.o
 .debug_line    0x00002cd0      0x49c Drivers\STM32F3xx_HAL_Driver\Src\stm32f3xx_hal_gpio.o
 .debug_line    0x0000316c     0x13c7 Drivers\STM32F3xx_HAL_Driver\Src\stm32f3xx_hal_i2c.o
 .debug_line    0x00004533      0x459 Drivers\STM32F3xx_HAL_Driver\Src\stm32f3xx_hal_i2c_ex.o
 .debug_line    0x0000498c      0xa38 Drivers\STM32F3xx_HAL_Driver\Src\stm32f3xx_hal_rcc.o
 .debug_line    0x000053c4      0x5e8 Drivers\STM32F3xx_HAL_Driver\Src\stm32f3xx_hal_rcc_ex.o
 .debug_line    0x000059ac      0xd7e Drivers\STM32F3xx_HAL_Driver\Src\stm32f3xx_hal_spi.o
 .debug_line    0x0000672a     0x15bc Drivers\STM32F3xx_HAL_Driver\Src\stm32f3xx_hal_tim.o
 .debug_line    0x00007ce6      0xa89 Drivers\STM32F3xx_HAL_Driver\Src\stm32f3xx_hal_tim_ex.o
 .debug_line    0x0000876f      0xd5a Drivers\STM32F3xx_HAL_Driver\Src\stm32f3xx_hal_uart.o
 .debug_line    0x000094c9      0x41c Drivers\STM32F3xx_HAL_Driver\Src\stm32f3xx_hal_uart_ex.o
 .debug_line    0x000098e5      0x49a Drivers\STM32F3xx_HAL_Driver\Src\stm32f3xx_ll_exti.o
 .debug_line    0x00009d7f      0x846 src\main.o
 .debug_line    0x0000a5c5       0x7b src\startup_stm32f303xc.o
 .debug_line    0x0000a640      0x5a9 src\stm32f3_discovery.o
 .debug_line    0x0000abe9      0x499 src\stm32f3xx_hal_msp.o
 .debug_line    0x0000b082      0x371 src\stm32f3xx_it.o
 .debug_line    0x0000b3f3      0x2cc src\system_stm32f3xx.o
 .debug_line    0x0000b6bf      0x2bf src\tiny_printf.o

.debug_str      0x00000000     0x6773
 .debug_str     0x00000000      0x6b9 AHRS\MadgwickAHRS.o
                                0x741 (size before relaxing)
 .debug_str     0x000006b9      0x5d6 AHRS\sensors.o
                                0xc67 (size before relaxing)
 .debug_str     0x00000c8f      0xaf3 AHRS\stm32f3_discovery_l3gd20.o
                               0x12c8 (size before relaxing)
 .debug_str     0x00001782      0x501 AHRS\stm32f3_discovery_lsm303dlhc.o
                               0x1054 (size before relaxing)
 .debug_str     0x00001c83       0x5d AHRS\stm32f3xx_AHRS_it.o
                                0x70d (size before relaxing)
 .debug_str     0x00001ce0      0x2ee Drivers\STM32F3xx_HAL_Driver\Src\stm32f3xx_hal.o
                                0xe5e (size before relaxing)
 .debug_str     0x00001fce      0x4f4 Drivers\STM32F3xx_HAL_Driver\Src\stm32f3xx_hal_can.o
                                0xc79 (size before relaxing)
 .debug_str     0x000024c2      0x3fc Drivers\STM32F3xx_HAL_Driver\Src\stm32f3xx_hal_cortex.o
                               0x1040 (size before relaxing)
 .debug_str     0x000028be      0x24d Drivers\STM32F3xx_HAL_Driver\Src\stm32f3xx_hal_dma.o
                                0xb26 (size before relaxing)
 .debug_str     0x00002b0b      0x16b Drivers\STM32F3xx_HAL_Driver\Src\stm32f3xx_hal_gpio.o
                                0x94b (size before relaxing)
 .debug_str     0x00002c76      0x7ba Drivers\STM32F3xx_HAL_Driver\Src\stm32f3xx_hal_i2c.o
                               0x1351 (size before relaxing)
 .debug_str     0x00003430       0xf3 Drivers\STM32F3xx_HAL_Driver\Src\stm32f3xx_hal_i2c_ex.o
                                0xce3 (size before relaxing)
 .debug_str     0x00003523      0x2fb Drivers\STM32F3xx_HAL_Driver\Src\stm32f3xx_hal_rcc.o
                                0xb03 (size before relaxing)
 .debug_str     0x0000381e      0x22f Drivers\STM32F3xx_HAL_Driver\Src\stm32f3xx_hal_rcc_ex.o
                                0x9de (size before relaxing)
 .debug_str     0x00003a4d      0x530 Drivers\STM32F3xx_HAL_Driver\Src\stm32f3xx_hal_spi.o
                               0x1034 (size before relaxing)
 .debug_str     0x00003f7d      0xf16 Drivers\STM32F3xx_HAL_Driver\Src\stm32f3xx_hal_tim.o
                               0x1859 (size before relaxing)
 .debug_str     0x00004e93      0x5f2 Drivers\STM32F3xx_HAL_Driver\Src\stm32f3xx_hal_tim_ex.o
                               0x1260 (size before relaxing)
 .debug_str     0x00005485      0x8a1 Drivers\STM32F3xx_HAL_Driver\Src\stm32f3xx_hal_uart.o
                               0x12a7 (size before relaxing)
 .debug_str     0x00005d26      0x107 Drivers\STM32F3xx_HAL_Driver\Src\stm32f3xx_hal_uart_ex.o
                                0xcb7 (size before relaxing)
 .debug_str     0x00005e2d      0x289 Drivers\STM32F3xx_HAL_Driver\Src\stm32f3xx_ll_exti.o
                                0x9ac (size before relaxing)
 .debug_str     0x000060b6      0x308 src\main.o
                               0x215f (size before relaxing)
 .debug_str     0x000063be      0x226 src\stm32f3_discovery.o
                               0x15b5 (size before relaxing)
 .debug_str     0x000065e4       0x23 src\stm32f3xx_hal_msp.o
                               0x19e6 (size before relaxing)
 .debug_str     0x00006607       0x7c src\stm32f3xx_it.o
                                0xd88 (size before relaxing)
 .debug_str     0x00006683       0x50 src\system_stm32f3xx.o
                                0x7a7 (size before relaxing)
 .debug_str     0x000066d3       0xa0 src\tiny_printf.o
                                0x69e (size before relaxing)

.comment        0x00000000       0x7c
 .comment       0x00000000       0x7c AHRS\MadgwickAHRS.o
                                 0x7d (size before relaxing)
 .comment       0x0000007c       0x7d AHRS\sensors.o
 .comment       0x0000007c       0x7d AHRS\stm32f3_discovery_l3gd20.o
 .comment       0x0000007c       0x7d AHRS\stm32f3_discovery_lsm303dlhc.o
 .comment       0x0000007c       0x7d AHRS\stm32f3xx_AHRS_it.o
 .comment       0x0000007c       0x7d Drivers\STM32F3xx_HAL_Driver\Src\stm32f3xx_hal.o
 .comment       0x0000007c       0x7d Drivers\STM32F3xx_HAL_Driver\Src\stm32f3xx_hal_can.o
 .comment       0x0000007c       0x7d Drivers\STM32F3xx_HAL_Driver\Src\stm32f3xx_hal_cortex.o
 .comment       0x0000007c       0x7d Drivers\STM32F3xx_HAL_Driver\Src\stm32f3xx_hal_dma.o
 .comment       0x0000007c       0x7d Drivers\STM32F3xx_HAL_Driver\Src\stm32f3xx_hal_gpio.o
 .comment       0x0000007c       0x7d Drivers\STM32F3xx_HAL_Driver\Src\stm32f3xx_hal_i2c.o
 .comment       0x0000007c       0x7d Drivers\STM32F3xx_HAL_Driver\Src\stm32f3xx_hal_i2c_ex.o
 .comment       0x0000007c       0x7d Drivers\STM32F3xx_HAL_Driver\Src\stm32f3xx_hal_rcc.o
 .comment       0x0000007c       0x7d Drivers\STM32F3xx_HAL_Driver\Src\stm32f3xx_hal_rcc_ex.o
 .comment       0x0000007c       0x7d Drivers\STM32F3xx_HAL_Driver\Src\stm32f3xx_hal_spi.o
 .comment       0x0000007c       0x7d Drivers\STM32F3xx_HAL_Driver\Src\stm32f3xx_hal_tim.o
 .comment       0x0000007c       0x7d Drivers\STM32F3xx_HAL_Driver\Src\stm32f3xx_hal_tim_ex.o
 .comment       0x0000007c       0x7d Drivers\STM32F3xx_HAL_Driver\Src\stm32f3xx_hal_uart.o
 .comment       0x0000007c       0x7d Drivers\STM32F3xx_HAL_Driver\Src\stm32f3xx_hal_uart_ex.o
 .comment       0x0000007c       0x7d Drivers\STM32F3xx_HAL_Driver\Src\stm32f3xx_ll_exti.o
 .comment       0x0000007c       0x7d src\main.o
 .comment       0x0000007c       0x7d src\stm32f3_discovery.o
 .comment       0x0000007c       0x7d src\stm32f3xx_hal_msp.o
 .comment       0x0000007c       0x7d src\stm32f3xx_it.o
 .comment       0x0000007c       0x7d src\system_stm32f3xx.o
 .comment       0x0000007c       0x7d src\tiny_printf.o

.debug_frame    0x00000000     0x5fc8
 .debug_frame   0x00000000       0x88 AHRS\MadgwickAHRS.o
 .debug_frame   0x00000088      0x280 AHRS\sensors.o
 .debug_frame   0x00000308      0x210 AHRS\stm32f3_discovery_l3gd20.o
 .debug_frame   0x00000518      0x250 AHRS\stm32f3_discovery_lsm303dlhc.o
 .debug_frame   0x00000768       0x88 AHRS\stm32f3xx_AHRS_it.o
 .debug_frame   0x000007f0      0x334 Drivers\STM32F3xx_HAL_Driver\Src\stm32f3xx_hal.o
 .debug_frame   0x00000b24      0x2f8 Drivers\STM32F3xx_HAL_Driver\Src\stm32f3xx_hal_can.o
 .debug_frame   0x00000e1c      0x498 Drivers\STM32F3xx_HAL_Driver\Src\stm32f3xx_hal_cortex.o
 .debug_frame   0x000012b4      0x224 Drivers\STM32F3xx_HAL_Driver\Src\stm32f3xx_hal_dma.o
 .debug_frame   0x000014d8      0x14c Drivers\STM32F3xx_HAL_Driver\Src\stm32f3xx_hal_gpio.o
 .debug_frame   0x00001624      0xafc Drivers\STM32F3xx_HAL_Driver\Src\stm32f3xx_hal_i2c.o
 .debug_frame   0x00002120      0x100 Drivers\STM32F3xx_HAL_Driver\Src\stm32f3xx_hal_i2c_ex.o
 .debug_frame   0x00002220      0x210 Drivers\STM32F3xx_HAL_Driver\Src\stm32f3xx_hal_rcc.o
 .debug_frame   0x00002430       0xb4 Drivers\STM32F3xx_HAL_Driver\Src\stm32f3xx_hal_rcc_ex.o
 .debug_frame   0x000024e4      0x864 Drivers\STM32F3xx_HAL_Driver\Src\stm32f3xx_hal_spi.o
 .debug_frame   0x00002d48      0xffc Drivers\STM32F3xx_HAL_Driver\Src\stm32f3xx_hal_tim.o
 .debug_frame   0x00003d44      0x688 Drivers\STM32F3xx_HAL_Driver\Src\stm32f3xx_hal_tim_ex.o
 .debug_frame   0x000043cc      0x8d4 Drivers\STM32F3xx_HAL_Driver\Src\stm32f3xx_hal_uart.o
 .debug_frame   0x00004ca0       0xf8 Drivers\STM32F3xx_HAL_Driver\Src\stm32f3xx_hal_uart_ex.o
 .debug_frame   0x00004d98      0x2fc Drivers\STM32F3xx_HAL_Driver\Src\stm32f3xx_ll_exti.o
 .debug_frame   0x00005094      0x318 src\main.o
 .debug_frame   0x000053ac      0x328 src\stm32f3_discovery.o
 .debug_frame   0x000056d4      0x19c src\stm32f3xx_hal_msp.o
 .debug_frame   0x00005870       0xb8 src\stm32f3xx_it.o
 .debug_frame   0x00005928       0x58 src\system_stm32f3xx.o
 .debug_frame   0x00005980      0x1bc src\tiny_printf.o
 .debug_frame   0x00005b3c       0x2c c:/program files (x86)/atollic/truestudio for stm32 9.1.0/armtools/bin/../lib/gcc/arm-atollic-eabi/6.3.1/../../../../arm-atollic-eabi/lib/armv7e-m/fpu\libc_nano.a(lib_a-init.o)
 .debug_frame   0x00005b68       0x20 c:/program files (x86)/atollic/truestudio for stm32 9.1.0/armtools/bin/../lib/gcc/arm-atollic-eabi/6.3.1/../../../../arm-atollic-eabi/lib/armv7e-m/fpu\libc_nano.a(lib_a-memset.o)
 .debug_frame   0x00005b88       0x44 c:/program files (x86)/atollic/truestudio for stm32 9.1.0/armtools/bin/../lib/gcc/arm-atollic-eabi/6.3.1/../../../../arm-atollic-eabi/lib/armv7e-m/fpu\libm.a(lib_a-w_asin.o)
 .debug_frame   0x00005bcc       0x20 c:/program files (x86)/atollic/truestudio for stm32 9.1.0/armtools/bin/../lib/gcc/arm-atollic-eabi/6.3.1/../../../../arm-atollic-eabi/lib/armv7e-m/fpu\libm.a(lib_a-w_atan2.o)
 .debug_frame   0x00005bec       0x4c c:/program files (x86)/atollic/truestudio for stm32 9.1.0/armtools/bin/../lib/gcc/arm-atollic-eabi/6.3.1/../../../../arm-atollic-eabi/lib/armv7e-m/fpu\libm.a(lib_a-w_sqrt.o)
 .debug_frame   0x00005c38       0x40 c:/program files (x86)/atollic/truestudio for stm32 9.1.0/armtools/bin/../lib/gcc/arm-atollic-eabi/6.3.1/../../../../arm-atollic-eabi/lib/armv7e-m/fpu\libm.a(lib_a-e_asin.o)
 .debug_frame   0x00005c78       0x44 c:/program files (x86)/atollic/truestudio for stm32 9.1.0/armtools/bin/../lib/gcc/arm-atollic-eabi/6.3.1/../../../../arm-atollic-eabi/lib/armv7e-m/fpu\libm.a(lib_a-e_atan2.o)
 .debug_frame   0x00005cbc       0x30 c:/program files (x86)/atollic/truestudio for stm32 9.1.0/armtools/bin/../lib/gcc/arm-atollic-eabi/6.3.1/../../../../arm-atollic-eabi/lib/armv7e-m/fpu\libm.a(lib_a-e_sqrt.o)
 .debug_frame   0x00005cec       0x38 c:/program files (x86)/atollic/truestudio for stm32 9.1.0/armtools/bin/../lib/gcc/arm-atollic-eabi/6.3.1/../../../../arm-atollic-eabi/lib/armv7e-m/fpu\libm.a(lib_a-s_atan.o)
 .debug_frame   0x00005d24       0x20 c:/program files (x86)/atollic/truestudio for stm32 9.1.0/armtools/bin/../lib/gcc/arm-atollic-eabi/6.3.1/../../../../arm-atollic-eabi/lib/armv7e-m/fpu\libm.a(lib_a-s_fabs.o)
 .debug_frame   0x00005d44       0x20 c:/program files (x86)/atollic/truestudio for stm32 9.1.0/armtools/bin/../lib/gcc/arm-atollic-eabi/6.3.1/../../../../arm-atollic-eabi/lib/armv7e-m/fpu\libm.a(lib_a-s_matherr.o)
 .debug_frame   0x00005d64       0x20 c:/program files (x86)/atollic/truestudio for stm32 9.1.0/armtools/bin/../lib/gcc/arm-atollic-eabi/6.3.1/../../../../arm-atollic-eabi/lib/armv7e-m/fpu\libm.a(lib_a-s_nan.o)
 .debug_frame   0x00005d84       0x20 c:/program files (x86)/atollic/truestudio for stm32 9.1.0/armtools/bin/../lib/gcc/arm-atollic-eabi/6.3.1/../../../../arm-atollic-eabi/lib/armv7e-m/fpu\libc_nano.a(lib_a-errno.o)
 .debug_frame   0x00005da4       0xac c:/program files (x86)/atollic/truestudio for stm32 9.1.0/armtools/bin/../lib/gcc/arm-atollic-eabi/6.3.1/armv7e-m/fpu\libgcc.a(_arm_addsubdf3.o)
 .debug_frame   0x00005e50       0x50 c:/program files (x86)/atollic/truestudio for stm32 9.1.0/armtools/bin/../lib/gcc/arm-atollic-eabi/6.3.1/armv7e-m/fpu\libgcc.a(_arm_muldivdf3.o)
 .debug_frame   0x00005ea0       0xc4 c:/program files (x86)/atollic/truestudio for stm32 9.1.0/armtools/bin/../lib/gcc/arm-atollic-eabi/6.3.1/armv7e-m/fpu\libgcc.a(_arm_cmpdf2.o)
 .debug_frame   0x00005f64       0x20 c:/program files (x86)/atollic/truestudio for stm32 9.1.0/armtools/bin/../lib/gcc/arm-atollic-eabi/6.3.1/armv7e-m/fpu\libgcc.a(_arm_unorddf2.o)
 .debug_frame   0x00005f84       0x24 c:/program files (x86)/atollic/truestudio for stm32 9.1.0/armtools/bin/../lib/gcc/arm-atollic-eabi/6.3.1/armv7e-m/fpu\libgcc.a(_arm_truncdfsf2.o)
 .debug_frame   0x00005fa8       0x20 c:/program files (x86)/atollic/truestudio for stm32 9.1.0/armtools/bin/../lib/gcc/arm-atollic-eabi/6.3.1/../../../../arm-atollic-eabi/lib/armv7e-m/fpu\libnosys.a(write.o)

.stab           0x00000000       0x24
 .stab          0x00000000       0x24 c:/program files (x86)/atollic/truestudio for stm32 9.1.0/armtools/bin/../lib/gcc/arm-atollic-eabi/6.3.1/../../../../arm-atollic-eabi/lib/armv7e-m/fpu\libnosys.a(write.o)

.stabstr        0x00000000       0x3f
 .stabstr       0x00000000       0x3f c:/program files (x86)/atollic/truestudio for stm32 9.1.0/armtools/bin/../lib/gcc/arm-atollic-eabi/6.3.1/../../../../arm-atollic-eabi/lib/armv7e-m/fpu\libnosys.a(write.o)

Cross Reference Table

Symbol                                            File
ADC1_2_IRQHandler                                 src\startup_stm32f303xc.o
ADC3_IRQHandler                                   src\startup_stm32f303xc.o
ADC4_IRQHandler                                   src\startup_stm32f303xc.o