stm32f3xx_ll_gpio.h:289:22:LL_GPIO_SetPinMode	40	static
stm32f3xx_ll_gpio.h:498:22:LL_GPIO_SetPinPull	40	static
stm32f3xx_ll_system.h:1121:22:LL_SYSCFG_SetEXTISource	24	static
main.c:125:6:HAL_TIM_IC_CaptureCallback	16	static
main.c:156:6:SYS_MicroDelay	24	static
main.c:171:5:main	144	static
main.c:374:6:HAL_SYSTICK_Callback	4	static
main.c:405:6:SystemClock_Config	128	static
main.c:463:13:MX_CAN_Init	8	static
main.c:486:13:MX_I2C1_Init	8	static
main.c:520:13:MX_SPI1_Init	8	static
main.c:546:13:MX_TIM1_Init	40	static
main.c:592:13:MX_TIM2_Init	40	static
main.c:636:13:MX_TIM3_Init	40	static
main.c:679:13:MX_USART2_UART_Init	32	static
main.c:727:13:MX_GPIO_Init	64	static
main.c:888:6:HAL_GPIO_EXTI_Callback	16	static
stdio.h:214:5:fputc	16	static
main.c:908:6:CAN_FilterConfig	48	static
main.c:929:6:CAN_Send	16	static
main.c:955:5:CAN_read	8	static
main.c:991:6:_Error_Handler	16	static
