stm32f3xx_ll_rcc.h:1049:22:LL_RCC_HSE_DisableBypass	4	static
stm32f3xx_ll_rcc.h:1097:22:LL_RCC_HSI_Enable	4	static
stm32f3xx_ll_rcc.h:1117:26:LL_RCC_HSI_IsReady	4	static
stm32f3xx_ll_rcc.h:1143:22:LL_RCC_HSI_SetCalibTrimming	16	static
stm32f3xx_ll_rcc.h:1241:26:LL_RCC_LSE_IsReady	4	static
stm32f3xx_ll_rcc.h:1314:26:LL_RCC_GetSysClkSource	4	static
stm32f3xx_ll_rcc.h:1385:26:LL_RCC_GetAHBPrescaler	4	static
stm32f3xx_ll_rcc.h:1400:26:LL_RCC_GetAPB1Prescaler	4	static
stm32f3xx_ll_rcc.h:1415:26:LL_RCC_GetAPB2Prescaler	4	static
stm32f3xx_ll_rcc.h:1792:26:LL_RCC_GetUSARTClockSource	16	static
stm32f3xx_ll_rcc.h:1815:26:LL_RCC_GetUARTClockSource	16	static
stm32f3xx_ll_rcc.h:1842:26:LL_RCC_GetI2CClockSource	16	static
stm32f3xx_ll_rcc.h:1857:26:LL_RCC_GetI2SClockSource	16	static
stm32f3xx_ll_rcc.h:1905:26:LL_RCC_GetTIMClockSource	16	static
stm32f3xx_ll_rcc.h:1953:26:LL_RCC_GetUSBClockSource	16	static
stm32f3xx_ll_rcc.h:2042:26:LL_RCC_GetADCClockSource	16	static
stm32f3xx_ll_rcc.h:2206:26:LL_RCC_PLL_IsReady	4	static
stm32f3xx_ll_rcc.h:2321:26:LL_RCC_PLL_GetMainSource	4	static
stm32f3xx_ll_rcc.h:2346:26:LL_RCC_PLL_GetMultiplicator	4	static
stm32f3xx_ll_rcc.h:2373:26:LL_RCC_PLL_GetPrediv	4	static
stm32f3xx_ll_rcc.c:240:13:LL_RCC_DeInit	16	static
stm32f3xx_ll_rcc.c:313:6:LL_RCC_GetSystemClocksFreq	16	static
stm32f3xx_ll_rcc.c:339:10:LL_RCC_GetUSARTClockFreq	24	static
stm32f3xx_ll_rcc.c:459:10:LL_RCC_GetUARTClockFreq	24	static
stm32f3xx_ll_rcc.c:545:10:LL_RCC_GetI2CClockFreq	24	static
stm32f3xx_ll_rcc.c:623:10:LL_RCC_GetI2SClockFreq	24	static
stm32f3xx_ll_rcc.c:655:10:LL_RCC_GetUSBClockFreq	24	static
stm32f3xx_ll_rcc.c:697:10:LL_RCC_GetADCClockFreq	32	static
stm32f3xx_ll_rcc.c:810:10:LL_RCC_GetTIMClockFreq	24	static
stm32f3xx_ll_rcc.c:1001:10:RCC_GetSystemClockFreq	16	static
stm32f3xx_ll_rcc.c:1033:10:RCC_GetHCLKClockFreq	16	static
stm32f3xx_ll_rcc.c:1044:10:RCC_GetPCLK1ClockFreq	16	static
stm32f3xx_ll_rcc.c:1055:10:RCC_GetPCLK2ClockFreq	16	static
stm32f3xx_ll_rcc.c:1065:10:RCC_PLL_GetFreqDomain_SYS	32	static
