stm32f3xx_ll_rtc.h:809:22:LL_RTC_SetHourFormat	16	static
stm32f3xx_ll_rtc.h:822:26:LL_RTC_GetHourFormat	16	static
stm32f3xx_ll_rtc.h:971:22:LL_RTC_EnableInitMode	16	static
stm32f3xx_ll_rtc.h:983:22:LL_RTC_DisableInitMode	16	static
stm32f3xx_ll_rtc.h:1046:26:LL_RTC_IsShadowRegBypassEnabled	16	static
stm32f3xx_ll_rtc.h:1084:22:LL_RTC_SetAsynchPrescaler	16	static
stm32f3xx_ll_rtc.h:1096:22:LL_RTC_SetSynchPrescaler	16	static
stm32f3xx_ll_rtc.h:1129:22:LL_RTC_EnableWriteProtection	16	static
stm32f3xx_ll_rtc.h:1140:22:LL_RTC_DisableWriteProtection	16	static
stm32f3xx_ll_rtc.h:1313:22:LL_RTC_TIME_Config	24	static
stm32f3xx_ll_rtc.h:1643:22:LL_RTC_DATE_Config	24	static
stm32f3xx_ll_rtc.h:1730:22:LL_RTC_ALMA_SetMask	16	static
stm32f3xx_ll_rtc.h:1761:22:LL_RTC_ALMA_EnableWeekday	16	static
stm32f3xx_ll_rtc.h:1772:22:LL_RTC_ALMA_DisableWeekday	16	static
stm32f3xx_ll_rtc.h:1786:22:LL_RTC_ALMA_SetDay	16	static
stm32f3xx_ll_rtc.h:1819:22:LL_RTC_ALMA_SetWeekDay	16	static
stm32f3xx_ll_rtc.h:1971:22:LL_RTC_ALMA_ConfigTime	24	static
stm32f3xx_ll_rtc.h:2096:22:LL_RTC_ALMB_SetMask	16	static
stm32f3xx_ll_rtc.h:2127:22:LL_RTC_ALMB_EnableWeekday	16	static
stm32f3xx_ll_rtc.h:2138:22:LL_RTC_ALMB_DisableWeekday	16	static
stm32f3xx_ll_rtc.h:2152:22:LL_RTC_ALMB_SetDay	16	static
stm32f3xx_ll_rtc.h:2185:22:LL_RTC_ALMB_SetWeekDay	16	static
stm32f3xx_ll_rtc.h:2337:22:LL_RTC_ALMB_ConfigTime	24	static
stm32f3xx_ll_rtc.h:3433:26:LL_RTC_IsActiveFlag_INIT	16	static
stm32f3xx_ll_rtc.h:3444:26:LL_RTC_IsActiveFlag_RS	16	static
stm32f3xx_ll_rtc.h:3455:22:LL_RTC_ClearFlag_RS	16	static
stm32f3xx_ll_cortex.h:247:26:LL_SYSTICK_IsActiveCounterFlag	4	static
stm32f3xx_ll_rtc.c:165:13:LL_RTC_DeInit	24	static
stm32f3xx_ll_rtc.c:226:13:LL_RTC_Init	24	static
stm32f3xx_ll_rtc.c:265:6:LL_RTC_StructInit	16	static
stm32f3xx_ll_rtc.c:285:13:LL_RTC_TIME_Init	56	static
stm32f3xx_ll_rtc.c:367:6:LL_RTC_TIME_StructInit	16	static
stm32f3xx_ll_rtc.c:388:13:LL_RTC_DATE_Init	56	static
stm32f3xx_ll_rtc.c:455:6:LL_RTC_DATE_StructInit	16	static
stm32f3xx_ll_rtc.c:478:13:LL_RTC_ALMA_Init	48	static
stm32f3xx_ll_rtc.c:596:13:LL_RTC_ALMB_Init	48	static
stm32f3xx_ll_rtc.c:706:6:LL_RTC_ALMA_StructInit	16	static
stm32f3xx_ll_rtc.c:728:6:LL_RTC_ALMB_StructInit	16	static
stm32f3xx_ll_rtc.c:753:13:LL_RTC_EnterInitMode	32	static
stm32f3xx_ll_rtc.c:797:13:LL_RTC_ExitInitMode	16	static
stm32f3xx_ll_rtc.c:824:13:LL_RTC_WaitForSynchro	32	static
