stm32f3xx_ll_rcc.h:1039:22:LL_RCC_HSE_EnableBypass	4	static
stm32f3xx_ll_rcc.h:1049:22:LL_RCC_HSE_DisableBypass	4	static
stm32f3xx_ll_rcc.h:1059:22:LL_RCC_HSE_Enable	4	static
stm32f3xx_ll_rcc.h:1079:26:LL_RCC_HSE_IsReady	4	static
stm32f3xx_ll_rcc.h:1097:22:LL_RCC_HSI_Enable	4	static
stm32f3xx_ll_rcc.h:1117:26:LL_RCC_HSI_IsReady	4	static
stm32f3xx_ll_rcc.h:1301:22:LL_RCC_SetSysClkSource	16	static
stm32f3xx_ll_rcc.h:1314:26:LL_RCC_GetSysClkSource	4	static
stm32f3xx_ll_rcc.h:1334:22:LL_RCC_SetAHBPrescaler	16	static
stm32f3xx_ll_rcc.h:1350:22:LL_RCC_SetAPB1Prescaler	16	static
stm32f3xx_ll_rcc.h:1366:22:LL_RCC_SetAPB2Prescaler	16	static
stm32f3xx_ll_rcc.h:1385:26:LL_RCC_GetAHBPrescaler	4	static
stm32f3xx_ll_rcc.h:2185:22:LL_RCC_PLL_Enable	4	static
stm32f3xx_ll_rcc.h:2206:26:LL_RCC_PLL_IsReady	4	static
stm32f3xx_ll_rcc.h:2304:22:LL_RCC_PLL_ConfigDomain_SYS	16	static
stm32f3xx_ll_utils.h:247:22:LL_InitTick	16	static
stm32f3xx_ll_system.h:1634:22:LL_FLASH_SetLatency	16	static
stm32f3xx_ll_system.h:1647:26:LL_FLASH_GetLatency	4	static
stm32f3xx_ll_utils.c:167:6:LL_Init1msTick	16	static
stm32f3xx_ll_utils.c:183:6:LL_mDelay	24	static
stm32f3xx_ll_utils.c:241:6:LL_SetSystemCoreClock	16	static
stm32f3xx_ll_utils.c:264:13:LL_PLL_ConfigSystemClock_HSI	24	static
stm32f3xx_ll_utils.c:333:13:LL_PLL_ConfigSystemClock_HSE	32	static
stm32f3xx_ll_utils.c:416:20:UTILS_SetFlashLatency	24	static
stm32f3xx_ll_utils.c:464:17:UTILS_GetPLLOutputFrequency	32	static
stm32f3xx_ll_utils.c:490:20:UTILS_PLL_IsBusy	16	static
stm32f3xx_ll_utils.c:513:20:UTILS_EnablePLLAndSwitchSystem	40	static
